9 scanned document(s) to OCR: ['QD21-2025-QD-TTg', 'ND08-2022-ND-CP', 'ND05-2025-ND-CP', 'ND06-2022-ND-CP', 'QD13-2024-QD-TTg', 'TT96-2020-TT-BTC', 'ND119-2025-ND-CP', 'ND48-2026-ND-CP', 'ND83-2026-ND-CP']

OCR original.pdf  langs=vie+eng  dpi=300
  tesseract v5.4.0.20240606
    page   1/32    383 words  conf  93.6
    page   2/32    435 words  conf  95.8
    page   3/32    517 words  conf  96.0
    page   4/32    505 words  conf  96.3
    page   5/32    419 words  conf  96.1
    page   6/32    424 words  conf  96.2
    page   7/32    189 words  conf  95.0
    page   8/32    354 words  conf  94.3
    page   9/32    430 words  conf  92.5
    page  10/32    381 words  conf  95.9
    page  11/32    442 words  conf  94.3
    page  12/32    368 words  conf  94.8
    page  13/32    464 words  conf  95.8
    page  14/32    518 words  conf  95.8
    page  15/32    481 words  conf  95.3
    page  16/32    543 words  conf  96.1
    page  17/32    548 words  conf  95.3
    page  18/32    523 words  conf  94.7
    page  19/32    549 words  conf  95.9
    page  20/32    593 words  conf  95.2
    page  21/32    558 words  conf  95.9
    page  22/32    460 words  conf  95.2
    page  23/32    330 words  conf  90.4
    page  24/32    344 words  conf  83.5
    page  25/32    248 words  conf  86.0
    page  26/32    407 words  conf  93.2
    page  27/32    408 words  conf  91.7
    page  28/32    285 words  conf  93.0
    page  29/32    388 words  conf  94.5
    page  30/32    353 words  conf  78.0
    page  31/32    459 words  conf  82.2
    page  32/32    150 words  conf  95.4

  chars 62,523  mean confidence 93.25
  low-confidence pages: none
  wrote D:\Sinh viên CNhan\AI quantum\docs\ai-quantum-greenwashing-agent\data\legal\raw\QD21-2025-QD-TTg\ocr.txt
  updated D:\Sinh viên CNhan\AI quantum\docs\ai-quantum-greenwashing-agent\configs\legal\LEGAL_SOURCE_REGISTRY.yaml
OCR original.pdf  langs=vie+eng  dpi=300
  tesseract v5.4.0.20240606
    page   1/215    449 words  conf  93.8
    page   2/215    553 words  conf  95.8
    page   3/215    587 words  conf  96.0
    page   4/215    453 words  conf  94.7
    page   5/215    483 words  conf  96.0
    page   6/215    359 words  conf  95.9
    page   7/215    523 words  conf  96.4
    page   8/215    622 words  conf  95.9
    page   9/215    463 words  conf  95.7
    page  10/215    490 words  conf  96.2
    page  11/215    467 words  conf  95.8
    page  12/215    533 words  conf  95.9
    page  13/215    496 words  conf  95.9
    page  14/215    480 words  conf  95.8
    page  15/215    587 words  conf  95.7
    page  16/215    440 words  conf  95.4
    page  17/215    510 words  conf  95.8
    page  18/215    541 words  conf  96.1
    page  19/215    488 words  conf  96.0
    page  20/215    535 words  conf  95.9
    page  21/215    565 words  conf  95.7
    page  22/215    570 words  conf  96.0
    page  23/215    545 words  conf  96.3
    page  24/215    626 words  conf  96.0
    page  25/215    651 words  conf  96.3
    page  26/215    538 words  conf  96.4
    page  27/215    476 words  conf  96.3
    page  28/215    410 words  conf  95.0
    page  29/215    545 words  conf  95.8
    page  30/215    465 words  conf  96.1
    page  31/215    612 words  conf  95.9
    page  32/215    584 words  conf  96.4
    page  33/215    576 words  conf  95.7
    page  34/215    588 words  conf  95.9
    page  35/215    514 words  conf  95.4
    page  36/215    564 words  conf  95.8
    page  37/215    608 words  conf  96.3
    page  38/215    602 words  conf  95.9
    page  39/215    485 words  conf  96.2
    page  40/215    611 words  conf  96.1
    page  41/215    574 words  conf  96.1
    page  42/215    627 words  conf  95.7
    page  43/215    656 words  conf  95.7
    page  44/215    615 words  conf  96.0
    page  45/215    592 words  conf  96.1
    page  46/215    617 words  conf  96.0
    page  47/215    590 words  conf  96.0
    page  48/215    583 words  conf  95.9
    page  49/215    602 words  conf  96.2
    page  50/215    495 words  conf  95.4
    page  51/215    625 words  conf  96.5
    page  52/215    617 words  conf  96.0
    page  53/215    582 words  conf  96.4
    page  54/215    503 words  conf  95.3
    page  55/215    475 words  conf  95.5
    page  56/215    445 words  conf  95.7
    page  57/215    556 words  conf  95.5
    page  58/215    544 words  conf  95.6
    page  59/215    521 words  conf  96.2
    page  60/215    517 words  conf  95.7
    page  61/215    510 words  conf  96.1
    page  62/215    488 words  conf  95.9
    page  63/215    522 words  conf  95.9
    page  64/215    564 words  conf  95.8
    page  65/215    618 words  conf  96.1
    page  66/215    606 words  conf  96.0
    page  67/215    559 words  conf  95.8
    page  68/215    506 words  conf  95.1
    page  69/215    572 words  conf  95.9
    page  70/215    518 words  conf  96.0
    page  71/215    583 words  conf  96.0
    page  72/215    496 words  conf  96.1
    page  73/215    482 words  conf  96.1
    page  74/215    482 words  conf  96.1
    page  75/215    604 words  conf  96.2
    page  76/215    495 words  conf  96.2
    page  77/215    468 words  conf  96.0
    page  78/215    549 words  conf  96.3
    page  79/215    603 words  conf  96.0
    page  80/215    550 words  conf  96.3
    page  81/215    521 words  conf  95.9
    page  82/215    579 words  conf  96.2
    page  83/215    548 words  conf  96.0
    page  84/215    525 words  conf  95.9
    page  85/215    443 words  conf  95.4
    page  86/215    420 words  conf  96.1
    page  87/215    560 words  conf  95.6
    page  88/215    545 words  conf  95.9
    page  89/215    590 words  conf  96.3
    page  90/215    542 words  conf  96.1
    page  91/215    461 words  conf  95.8
    page  92/215    499 words  conf  96.2
    page  93/215    513 words  conf  96.2
    page  94/215    509 words  conf  96.1
    page  95/215    490 words  conf  95.7
    page  96/215    534 words  conf  95.8
    page  97/215    611 words  conf  96.0
    page  98/215    547 words  conf  96.1
    page  99/215    576 words  conf  95.8
    page 100/215    624 words  conf  96.0
    page 101/215    543 words  conf  96.0
    page 102/215    597 words  conf  96.4
    page 103/215    510 words  conf  96.1
    page 104/215    417 words  conf  95.8
    page 105/215    515 words  conf  95.9
    page 106/215    468 words  conf  96.1
    page 107/215    577 words  conf  96.2
    page 108/215    579 words  conf  95.9
    page 109/215    517 words  conf  95.9
    page 110/215    539 words  conf  96.0
    page 111/215    492 words  conf  96.0
    page 112/215    431 words  conf  95.6
    page 113/215    449 words  conf  96.0
    page 114/215    609 words  conf  95.5
    page 115/215    547 words  conf  96.3
    page 116/215    550 words  conf  95.7
    page 117/215    445 words  conf  96.2
    page 118/215    622 words  conf  95.6
    page 119/215    549 words  conf  95.7
    page 120/215    581 words  conf  96.1
    page 121/215    501 words  conf  95.8
    page 122/215    478 words  conf  96.0
    page 123/215    551 words  conf  95.8
    page 124/215    563 words  conf  95.7
    page 125/215    644 words  conf  96.3
    page 126/215    655 words  conf  96.0
    page 127/215    563 words  conf  96.2
    page 128/215    550 words  conf  96.2
    page 129/215    610 words  conf  96.0
    page 130/215    654 words  conf  96.4
    page 131/215    616 words  conf  96.4
    page 132/215    524 words  conf  95.3
    page 133/215    543 words  conf  96.2
    page 134/215    397 words  conf  96.3
    page 135/215    575 words  conf  96.3
    page 136/215    507 words  conf  96.3
    page 137/215    510 words  conf  96.2
    page 138/215    509 words  conf  96.0
    page 139/215    590 words  conf  96.4
    page 140/215    432 words  conf  96.2
    page 141/215    437 words  conf  94.7
    page 142/215    520 words  conf  95.8
    page 143/215    481 words  conf  95.7
    page 144/215    481 words  conf  95.5
    page 145/215    443 words  conf  95.5
    page 146/215    484 words  conf  95.5
    page 147/215    547 words  conf  95.7
    page 148/215    453 words  conf  96.1
    page 149/215    424 words  conf  95.2
    page 150/215    488 words  conf  95.7
    page 151/215    430 words  conf  95.8
    page 152/215    619 words  conf  96.1
    page 153/215    587 words  conf  96.1
    page 154/215    363 words  conf  95.3
    page 155/215    437 words  conf  95.9
    page 156/215    480 words  conf  95.3
    page 157/215    459 words  conf  96.0
    page 158/215    500 words  conf  95.8
    page 159/215    583 words  conf  96.2
    page 160/215    621 words  conf  96.4
    page 161/215    561 words  conf  96.3
    page 162/215    602 words  conf  96.3
    page 163/215    495 words  conf  96.1
    page 164/215    600 words  conf  96.1
    page 165/215    507 words  conf  96.3
    page 166/215    497 words  conf  95.5
    page 167/215    457 words  conf  95.6
    page 168/215    426 words  conf  95.6
    page 169/215    448 words  conf  95.6
    page 170/215    522 words  conf  96.0
    page 171/215    466 words  conf  95.5
    page 172/215    470 words  conf  96.0
    page 173/215    474 words  conf  96.1
    page 174/215    486 words  conf  96.2
    page 175/215    538 words  conf  96.3
    page 176/215    447 words  conf  96.2
    page 177/215    479 words  conf  96.1
    page 178/215    565 words  conf  96.0
    page 179/215    500 words  conf  95.4
    page 180/215    471 words  conf  96.0
    page 181/215    553 words  conf  95.9
    page 182/215    492 words  conf  95.7
    page 183/215    491 words  conf  95.8
    page 184/215    539 words  conf  95.3
    page 185/215    446 words  conf  95.4
    page 186/215    500 words  conf  96.4
    page 187/215    528 words  conf  96.3
    page 188/215    524 words  conf  95.4
    page 189/215    502 words  conf  95.8
    page 190/215    506 words  conf  95.6
    page 191/215    539 words  conf  96.0
    page 192/215    637 words  conf  96.1
    page 193/215    510 words  conf  96.0
    page 194/215    562 words  conf  96.3
    page 195/215    550 words  conf  96.1
    page 196/215    486 words  conf  96.1
    page 197/215    503 words  conf  96.2
    page 198/215    605 words  conf  96.0
    page 199/215    585 words  conf  96.2
    page 200/215    549 words  conf  96.1
    page 201/215    534 words  conf  96.4
    page 202/215    551 words  conf  96.3
    page 203/215    554 words  conf  95.6
    page 204/215    437 words  conf  95.9
    page 205/215    473 words  conf  94.7
    page 206/215    441 words  conf  95.3
    page 207/215    494 words  conf  95.9
    page 208/215    611 words  conf  95.9
    page 209/215    612 words  conf  95.8
    page 210/215    630 words  conf  95.6
    page 211/215    605 words  conf  96.2
    page 212/215    647 words  conf  96.2
    page 213/215    660 words  conf  96.1
    page 214/215    543 words  conf  96.0
    page 215/215    244 words  conf  91.3

  chars 514,579  mean confidence 95.9
  low-confidence pages: none
  wrote D:\Sinh viên CNhan\AI quantum\docs\ai-quantum-greenwashing-agent\data\legal\raw\ND08-2022-ND-CP\ocr.txt
  updated D:\Sinh viên CNhan\AI quantum\docs\ai-quantum-greenwashing-agent\configs\legal\LEGAL_SOURCE_REGISTRY.yaml
OCR original.pdf  langs=vie+eng  dpi=300
  tesseract v5.4.0.20240606
    page   1/165    416 words  conf  92.8
    page   2/165    540 words  conf  96.2
    page   3/165    501 words  conf  94.8
    page   4/165    619 words  conf  96.0
    page   5/165    620 words  conf  95.8
    page   6/165    510 words  conf  95.5
    page   7/165    438 words  conf  96.0
    page   8/165    616 words  conf  96.2
    page   9/165    560 words  conf  96.2
    page  10/165    580 words  conf  95.9
    page  11/165    651 words  conf  95.6
    page  12/165    557 words  conf  95.6
    page  13/165    561 words  conf  95.9
    page  14/165    533 words  conf  95.6
    page  15/165    622 words  conf  95.9
    page  16/165    548 words  conf  95.5
    page  17/165    551 words  conf  95.6
    page  18/165    566 words  conf  96.3
    page  19/165    661 words  conf  95.1
    page  20/165    587 words  conf  95.8
    page  21/165    542 words  conf  96.0
    page  22/165    565 words  conf  96.0
    page  23/165    699 words  conf  95.6
    page  24/165    653 words  conf  95.8
    page  25/165    621 words  conf  96.0
    page  26/165    641 words  conf  95.9
    page  27/165    574 words  conf  95.8
    page  28/165    548 words  conf  96.2
    page  29/165    617 words  conf  95.6
    page  30/165    611 words  conf  95.9
    page  31/165    597 words  conf  95.8
    page  32/165    519 words  conf  95.9
    page  33/165    584 words  conf  96.3
    page  34/165    606 words  conf  96.4
    page  35/165    610 words  conf  96.1
    page  36/165    567 words  conf  96.2
    page  37/165    481 words  conf  95.8
    page  38/165    521 words  conf  95.7
    page  39/165    548 words  conf  95.5
    page  40/165    453 words  conf  95.8
    page  41/165    645 words  conf  96.2
    page  42/165    472 words  conf  95.1
    page  43/165    501 words  conf  93.5
    page  44/165    435 words  conf  95.3
    page  45/165    472 words  conf  95.4
    page  46/165    523 words  conf  95.9
    page  47/165    548 words  conf  95.7
    page  48/165    434 words  conf  95.8
    page  49/165    546 words  conf  96.2
    page  50/165    521 words  conf  95.6
    page  51/165    522 words  conf  96.0
    page  52/165    562 words  conf  96.1
    page  53/165    475 words  conf  95.6
    page  54/165    488 words  conf  96.2
    page  55/165    524 words  conf  96.0
    page  56/165    538 words  conf  95.3
    page  57/165    567 words  conf  95.9
    page  58/165    589 words  conf  95.8
    page  59/165    606 words  conf  96.0
    page  60/165    537 words  conf  95.6
    page  61/165    508 words  conf  95.3
    page  62/165    533 words  conf  95.6
    page  63/165    615 words  conf  94.7
    page  64/165    502 words  conf  95.2
    page  65/165    561 words  conf  95.7
    page  66/165    592 words  conf  95.9
    page  67/165    462 words  conf  94.2
    page  68/165    503 words  conf  94.2
    page  69/165    493 words  conf  96.1
    page  70/165    558 words  conf  96.0
    page  71/165    290 words  conf  94.6
    page  72/165    144 words  conf  92.5
    page  73/165    369 words  conf  88.4
    page  74/165    399 words  conf  86.1
    page  75/165    442 words  conf  88.8
    page  76/165    464 words  conf  85.6
    page  77/165    216 words  conf  93.3
    page  78/165    360 words  conf  95.7
    page  79/165    454 words  conf  95.7
    page  80/165    382 words  conf  96.0
    page  81/165    384 words  conf  95.7
    page  82/165    371 words  conf  95.6
    page  83/165    369 words  conf  95.1
    page  84/165    501 words  conf  96.0
    page  85/165    355 words  conf  95.8
    page  86/165    450 words  conf  95.3
    page  87/165    162 words  conf  92.7
    page  88/165    348 words  conf  95.2
    page  89/165     77 words  conf  96.2
    page  90/165    318 words  conf  95.6
    page  91/165    231 words  conf  95.1
    page  92/165    432 words  conf  48.2
    page  93/165    388 words  conf  38.1
    page  94/165    167 words  conf  93.5
    page  95/165    331 words  conf  84.8
    page  96/165    453 words  conf  95.4
    page  97/165    558 words  conf  96.1
    page  98/165    546 words  conf  96.3
    page  99/165    537 words  conf  96.2
    page 100/165    472 words  conf  95.2
    page 101/165    395 words  conf  94.9
    page 102/165    426 words  conf  93.1
    page 103/165    522 words  conf  94.7
    page 104/165    501 words  conf  93.7
    page 105/165    427 words  conf  95.5
    page 106/165    541 words  conf  95.9
    page 107/165    257 words  conf  93.3
    page 108/165    167 words  conf  93.4
    page 109/165    327 words  conf  83.8
    page 110/165    388 words  conf  94.8
    page 111/165    550 words  conf  95.4
    page 112/165    486 words  conf  95.9
    page 113/165    497 words  conf  95.9
    page 114/165    555 words  conf  95.6
    page 115/165    437 words  conf  96.2
    page 116/165    463 words  conf  95.3
    page 117/165    456 words  conf  95.7
    page 118/165    453 words  conf  95.1
    page 119/165    396 words  conf  94.7
    page 120/165    421 words  conf  94.9
    page 121/165    418 words  conf  95.8
    page 122/165    455 words  conf  95.5
    page 123/165    391 words  conf  95.5
    page 124/165    134 words  conf  93.9
    page 125/165    423 words  conf  78.8
    page 126/165    420 words  conf  94.9
    page 127/165    513 words  conf  96.2
    page 128/165    565 words  conf  96.0
    page 129/165    519 words  conf  95.8
    page 130/165    437 words  conf  94.5
    page 131/165    397 words  conf  94.7
    page 132/165    488 words  conf  93.6
    page 133/165    564 words  conf  96.2
    page 134/165    503 words  conf  96.0
    page 135/165    406 words  conf  95.4
    page 136/165    442 words  conf  95.8
    page 137/165    528 words  conf  95.4
    page 138/165    131 words  conf  94.5
    page 139/165    352 words  conf  84.2
    page 140/165    479 words  conf  96.0
    page 141/165    588 words  conf  95.8
    page 142/165    523 words  conf  96.1
    page 143/165    465 words  conf  94.4
    page 144/165    140 words  conf  94.4
    page 145/165    355 words  conf  92.6
    page 146/165    243 words  conf  95.1
    page 147/165    361 words  conf  87.4
    page 148/165    451 words  conf  91.7
    page 149/165    453 words  conf  93.6
    page 150/165    487 words  conf  95.2
    page 151/165    335 words  conf  95.9
    page 152/165    252 words  conf  94.5
    page 153/165    302 words  conf  92.1
    page 154/165    252 words  conf  94.3
    page 155/165    257 words  conf  95.3
    page 156/165    150 words  conf  94.8
    page 157/165    289 words  conf  91.4
    page 158/165    315 words  conf  92.9
    page 159/165    262 words  conf  92.8
    page 160/165    336 words  conf  91.9
    page 161/165    304 words  conf  85.9
    page 162/165    350 words  conf  91.3
    page 163/165    424 words  conf  92.6
    page 164/165    446 words  conf  95.0
    page 165/165    110 words  conf  94.5

  chars 340,165  mean confidence 93.96
  low-confidence pages: [92, 93]
  wrote D:\Sinh viên CNhan\AI quantum\docs\ai-quantum-greenwashing-agent\data\legal\raw\ND05-2025-ND-CP\ocr.txt
  updated D:\Sinh viên CNhan\AI quantum\docs\ai-quantum-greenwashing-agent\configs\legal\LEGAL_SOURCE_REGISTRY.yaml
OCR original.pdf  langs=vie+eng  dpi=300
  tesseract v5.4.0.20240606
    page   1/88    463 words  conf  93.6
    page   2/88    551 words  conf  96.1
    page   3/88    589 words  conf  96.1
    page   4/88    480 words  conf  95.6
    page   5/88    623 words  conf  96.5
    page   6/88    557 words  conf  96.2
    page   7/88    559 words  conf  95.7
    page   8/88    580 words  conf  96.3
    page   9/88    537 words  conf  96.0
    page  10/88    551 words  conf  95.8
    page  11/88    558 words  conf  96.3
    page  12/88    562 words  conf  96.2
    page  13/88    506 words  conf  95.9
    page  14/88    507 words  conf  95.6
    page  15/88    490 words  conf  95.7
    page  16/88    490 words  conf  95.5
    page  17/88    496 words  conf  95.9
    page  18/88    548 words  conf  96.1
    page  19/88    367 words  conf  95.3
    page  20/88    482 words  conf  95.7
    page  21/88    470 words  conf  95.6
    page  22/88    527 words  conf  96.2
    page  23/88    454 words  conf  95.8
    page  24/88    556 words  conf  95.3
    page  25/88    566 words  conf  95.5
    page  26/88    484 words  conf  96.0
    page  27/88    501 words  conf  96.0
    page  28/88    510 words  conf  95.6
    page  29/88    499 words  conf  96.0
    page  30/88    474 words  conf  96.0
    page  31/88    411 words  conf  95.7
    page  32/88    238 words  conf  90.1
    page  33/88    193 words  conf  94.0
    page  34/88    178 words  conf  90.3
    page  35/88    316 words  conf  93.4
    page  36/88    254 words  conf  89.5
    page  37/88    316 words  conf  94.5
    page  38/88    290 words  conf  92.1
    page  39/88    163 words  conf  92.6
    page  40/88    290 words  conf  94.3
    page  41/88    153 words  conf  91.5
    page  42/88    350 words  conf  94.5
    page  43/88    292 words  conf  95.8
    page  44/88     86 words  conf  90.7
    page  45/88    288 words  conf  95.0
    page  46/88    291 words  conf  96.0
    page  47/88    303 words  conf  91.8
    page  48/88    235 words  conf  95.8
    page  49/88     32 words  conf  94.3
    page  50/88    241 words  conf  95.8
    page  51/88    271 words  conf  96.0
    page  52/88    149 words  conf  94.6
    page  53/88    162 words  conf  92.9
    page  54/88    236 words  conf  94.0
    page  55/88    215 words  conf  94.3
    page  56/88    191 words  conf  92.7
    page  57/88    253 words  conf  93.1
    page  58/88    264 words  conf  89.5
    page  59/88    317 words  conf  90.2
    page  60/88    166 words  conf  95.4
    page  61/88    142 words  conf  89.0
    page  62/88    181 words  conf  91.5
    page  63/88    192 words  conf  90.0
    page  64/88    170 words  conf  93.9
    page  65/88    352 words  conf  92.5
    page  66/88    269 words  conf  95.2
    page  67/88    230 words  conf  93.3
    page  68/88    181 words  conf  89.0
    page  69/88    201 words  conf  88.5
    page  70/88    212 words  conf  87.0
    page  71/88    360 words  conf  93.4
    page  72/88    134 words  conf  91.2
    page  73/88    136 words  conf  89.8
    page  74/88    407 words  conf  93.3
    page  75/88    160 words  conf  89.1
    page  76/88    153 words  conf  91.1
    page  77/88    448 words  conf  93.6
    page  78/88    124 words  conf  86.6
    page  79/88    360 words  conf  93.6
    page  80/88    105 words  conf  91.5
    page  81/88     98 words  conf  91.8
    page  82/88    372 words  conf  92.3
    page  83/88    112 words  conf  88.7
    page  84/88    114 words  conf  89.3
    page  85/88    331 words  conf  91.7
    page  86/88    246 words  conf  94.4
    page  87/88    325 words  conf  91.8
    page  88/88     87 words  conf  89.7

  chars 130,445  mean confidence 93.49
  low-confidence pages: none
  wrote D:\Sinh viên CNhan\AI quantum\docs\ai-quantum-greenwashing-agent\data\legal\raw\ND06-2022-ND-CP\ocr.txt
  updated D:\Sinh viên CNhan\AI quantum\docs\ai-quantum-greenwashing-agent\configs\legal\LEGAL_SOURCE_REGISTRY.yaml
OCR original.pdf  langs=vie+eng  dpi=300
  tesseract v5.4.0.20240606
    page   1/181    349 words  conf  93.8
    page   2/181    411 words  conf  96.1
    page   3/181    241 words  conf  95.0
    page   4/181    233 words  conf  93.8
    page   5/181    360 words  conf  88.3
    page   6/181    475 words  conf  86.0
    page   7/181    461 words  conf  88.8
    page   8/181    496 words  conf  88.1
    page   9/181    455 words  conf  90.5
    page  10/181    477 words  conf  90.1
    page  11/181    485 words  conf  85.4
    page  12/181    468 words  conf  88.8
    page  13/181    428 words  conf  89.6
    page  14/181    538 words  conf  88.0
    page  15/181    502 words  conf  90.2
    page  16/181    491 words  conf  90.7
    page  17/181    539 words  conf  91.2
    page  18/181    486 words  conf  88.7
    page  19/181    541 words  conf  87.8
    page  20/181    506 words  conf  89.1
    page  21/181    499 words  conf  85.1
    page  22/181    521 words  conf  88.3
    page  23/181    526 words  conf  88.1
    page  24/181    555 words  conf  87.2
    page  25/181    510 words  conf  90.8
    page  26/181    470 words  conf  88.6
    page  27/181    540 words  conf  88.4
    page  28/181    536 words  conf  90.0
    page  29/181    456 words  conf  87.8
    page  30/181    530 words  conf  90.1
    page  31/181    506 words  conf  88.0
    page  32/181    488 words  conf  90.0
    page  33/181    453 words  conf  89.3
    page  34/181    458 words  conf  90.5
    page  35/181    506 words  conf  87.3
    page  36/181    478 words  conf  88.9
    page  37/181    427 words  conf  86.3
    page  38/181    489 words  conf  88.6
    page  39/181    497 words  conf  90.1
    page  40/181    515 words  conf  90.5
    page  41/181    524 words  conf  89.5
    page  42/181    582 words  conf  87.5
    page  43/181    516 words  conf  89.7
    page  44/181    592 words  conf  84.6
    page  45/181    514 words  conf  88.9
    page  46/181    560 words  conf  88.9
    page  47/181    536 words  conf  89.3
    page  48/181    575 words  conf  87.4
    page  49/181    468 words  conf  88.4
    page  50/181    501 words  conf  86.4
    page  51/181    483 words  conf  89.2
    page  52/181    487 words  conf  85.9
    page  53/181    523 words  conf  88.3
    page  54/181    465 words  conf  88.5
    page  55/181    484 words  conf  86.3
    page  56/181    500 words  conf  86.8
    page  57/181    556 words  conf  88.9
    page  58/181    467 words  conf  87.9
    page  59/181    469 words  conf  89.1
    page  60/181    538 words  conf  90.9
    page  61/181    479 words  conf  89.0
    page  62/181    503 words  conf  86.7
    page  63/181    519 words  conf  86.9
    page  64/181    579 words  conf  86.7
    page  65/181    535 words  conf  90.3
    page  66/181    494 words  conf  88.6
    page  67/181    497 words  conf  90.9
    page  68/181    474 words  conf  88.0
    page  69/181    546 words  conf  89.0
    page  70/181    492 words  conf  87.8
    page  71/181    421 words  conf  91.2
    page  72/181    459 words  conf  88.5
    page  73/181    510 words  conf  88.0
    page  74/181    350 words  conf  79.7
    page  75/181    570 words  conf  86.9
    page  76/181    495 words  conf  86.7
    page  77/181    497 words  conf  89.3
    page  78/181    496 words  conf  89.9
    page  79/181    513 words  conf  86.1
    page  80/181    566 words  conf  87.4
    page  81/181    471 words  conf  87.8
    page  82/181    526 words  conf  87.6
    page  83/181    523 words  conf  88.2
    page  84/181    566 words  conf  86.6
    page  85/181    641 words  conf  89.7
    page  86/181    324 words  conf  80.8
    page  87/181    605 words  conf  90.2
    page  88/181    588 words  conf  87.5
    page  89/181    526 words  conf  90.2
    page  90/181    524 words  conf  84.5
    page  91/181    507 words  conf  88.3
    page  92/181    536 words  conf  86.6
    page  93/181    505 words  conf  89.5
    page  94/181    582 words  conf  85.3
    page  95/181    509 words  conf  86.4
    page  96/181    507 words  conf  85.8
    page  97/181    447 words  conf  83.5
    page  98/181    523 words  conf  91.9
    page  99/181    499 words  conf  86.5
    page 100/181    592 words  conf  85.7
    page 101/181    538 words  conf  88.8
    page 102/181    559 words  conf  91.1
    page 103/181    455 words  conf  86.7
    page 104/181    515 words  conf  87.4
    page 105/181    547 words  conf  90.7
    page 106/181    606 words  conf  88.7
    page 107/181    466 words  conf  90.5
    page 108/181    540 words  conf  88.5
    page 109/181    527 words  conf  88.5
    page 110/181    486 words  conf  88.4
    page 111/181    446 words  conf  88.7
    page 112/181    511 words  conf  86.9
    page 113/181    479 words  conf  85.5
    page 114/181    484 words  conf  85.2
    page 115/181    352 words  conf  80.3
    page 116/181    478 words  conf  89.0
    page 117/181    506 words  conf  89.3
    page 118/181    497 words  conf  92.3
    page 119/181    469 words  conf  90.3
    page 120/181    536 words  conf  87.8
    page 121/181    518 words  conf  88.4
    page 122/181    499 words  conf  87.9
    page 123/181    500 words  conf  88.0
    page 124/181    472 words  conf  86.7
    page 125/181    434 words  conf  88.8
    page 126/181    498 words  conf  87.6
    page 127/181    501 words  conf  89.7
    page 128/181    518 words  conf  88.2
    page 129/181    470 words  conf  89.4
    page 130/181    503 words  conf  86.2
    page 131/181    482 words  conf  90.1
    page 132/181    506 words  conf  87.4
    page 133/181    427 words  conf  87.6
    page 134/181    504 words  conf  88.2
    page 135/181    489 words  conf  88.9
    page 136/181    477 words  conf  88.6
    page 137/181    548 words  conf  89.9
    page 138/181    508 words  conf  89.3
    page 139/181    498 words  conf  89.8
    page 140/181    530 words  conf  88.2
    page 141/181    497 words  conf  89.2
    page 142/181    495 words  conf  87.6
    page 143/181    428 words  conf  88.7
    page 144/181    476 words  conf  90.8
    page 145/181    524 words  conf  90.8
    page 146/181    470 words  conf  88.2
    page 147/181    143 words  conf  92.4
    page 148/181    306 words  conf  90.7
    page 149/181    481 words  conf  88.1
    page 150/181    399 words  conf  90.6
    page 151/181    379 words  conf  89.0
    page 152/181    450 words  conf  88.2
    page 153/181    450 words  conf  88.1
    page 154/181    393 words  conf  90.2
    page 155/181      1 words  conf   3.1
    page 156/181    375 words  conf  91.2
    page 157/181    436 words  conf  86.6
    page 158/181    408 words  conf  89.9
    page 159/181    437 words  conf  90.6
    page 160/181    426 words  conf  90.5
    page 161/181    433 words  conf  88.6
    page 162/181    414 words  conf  90.1
    page 163/181    434 words  conf  92.2
    page 164/181    403 words  conf  88.7
    page 165/181    453 words  conf  90.2
    page 166/181    438 words  conf  88.7
    page 167/181    499 words  conf  87.6
    page 168/181    473 words  conf  89.7
    page 169/181    415 words  conf  87.6
    page 170/181    499 words  conf  91.3
    page 171/181    451 words  conf  88.7
    page 172/181    437 words  conf  89.6
    page 173/181    533 words  conf  85.3
    page 174/181    361 words  conf  90.6
    page 175/181    395 words  conf  89.5
    page 176/181    486 words  conf  88.8
    page 177/181    404 words  conf  89.0
    page 178/181    414 words  conf  85.7
    page 179/181    456 words  conf  91.6
    page 180/181    463 words  conf  87.7
    page 181/181    145 words  conf  87.8

  chars 378,444  mean confidence 88.08
  low-confidence pages: [155]
  wrote D:\Sinh viên CNhan\AI quantum\docs\ai-quantum-greenwashing-agent\data\legal\raw\QD13-2024-QD-TTg\ocr.txt
  updated D:\Sinh viên CNhan\AI quantum\docs\ai-quantum-greenwashing-agent\configs\legal\LEGAL_SOURCE_REGISTRY.yaml
OCR original.pdf  langs=vie+eng  dpi=300
  tesseract v5.4.0.20240606
    page   1/107    379 words  conf  95.1
    page   2/107    523 words  conf  95.6
    page   3/107    477 words  conf  95.7
    page   4/107    634 words  conf  95.6
    page   5/107    667 words  conf  95.7
    page   6/107    552 words  conf  96.0
    page   7/107    596 words  conf  95.6
    page   8/107    537 words  conf  96.0
    page   9/107    588 words  conf  95.6
    page  10/107    605 words  conf  95.0
    page  11/107    545 words  conf  95.5
    page  12/107    558 words  conf  96.0
    page  13/107    546 words  conf  95.6
    page  14/107    627 words  conf  95.8
    page  15/107    568 words  conf  95.8
    page  16/107    585 words  conf  95.5
    page  17/107    459 words  conf  95.1
    page  18/107    590 words  conf  95.9
    page  19/107    603 words  conf  95.5
    page  20/107    631 words  conf  95.8
    page  21/107    533 words  conf  96.0
    page  22/107    439 words  conf  95.7
    page  23/107    510 words  conf  96.0
    page  24/107    486 words  conf  95.7
    page  25/107    577 words  conf  94.7
    page  26/107    679 words  conf  94.8
    page  27/107    629 words  conf  95.7
    page  28/107    617 words  conf  95.7
    page  29/107    624 words  conf  95.8
    page  30/107    481 words  conf  94.7
    page  31/107    494 words  conf  95.0
    page  32/107    473 words  conf  96.0
    page  33/107    473 words  conf  95.4
    page  34/107    514 words  conf  96.0
    page  35/107    528 words  conf  96.0
    page  36/107    330 words  conf  93.6
    page  37/107    269 words  conf  91.6
    page  38/107    337 words  conf  93.4
    page  39/107    257 words  conf  91.7
    page  40/107    390 words  conf  94.2
    page  41/107    122 words  conf  94.6
    page  42/107    227 words  conf  88.9
    page  43/107    141 words  conf  92.7
    page  44/107    420 words  conf  51.0
    page  45/107     52 words  conf  47.2
    page  46/107    108 words  conf  95.3
    page  47/107    208 words  conf  91.9
    page  48/107    450 words  conf  95.3
    page  49/107    476 words  conf  94.9
    page  50/107    224 words  conf  92.7
    page  51/107    173 words  conf  92.8
    page  52/107    137 words  conf  91.5
    page  53/107    446 words  conf  94.1
    page  54/107    447 words  conf  95.6
    page  55/107    387 words  conf  94.8
    page  56/107    471 words  conf  95.3
    page  57/107    458 words  conf  94.8
    page  58/107    499 words  conf  95.2
    page  59/107    503 words  conf  95.2
    page  60/107    233 words  conf  95.5
    page  61/107    221 words  conf  93.3
    page  62/107    288 words  conf  93.6
    page  63/107    256 words  conf  94.2
    page  64/107    359 words  conf  94.4
    page  65/107    400 words  conf  91.0
    page  66/107    417 words  conf  93.2
    page  67/107    313 words  conf  91.5
    page  68/107     43 words  conf  94.8
    page  69/107    256 words  conf  89.9
    page  70/107    203 words  conf  90.0
    page  71/107    136 words  conf  91.1
    page  72/107    259 words  conf  91.7
    page  73/107    379 words  conf  94.1
    page  74/107    254 words  conf  94.3
    page  75/107    250 words  conf  92.4
    page  76/107    370 words  conf  94.4
    page  77/107    175 words  conf  93.6
    page  78/107    286 words  conf  92.5
    page  79/107    327 words  conf  93.3
    page  80/107    456 words  conf  90.7
    page  81/107    138 words  conf  93.2
    page  82/107    327 words  conf  92.1
    page  83/107    297 words  conf  93.6
    page  84/107    454 words  conf  91.6
    page  85/107    150 words  conf  94.2
    page  86/107    265 words  conf  92.2
    page  87/107    310 words  conf  92.5
    page  88/107    202 words  conf  92.9
    page  89/107    268 words  conf  92.1
    page  90/107    299 words  conf  93.6
    page  91/107    181 words  conf  92.9
    page  92/107    258 words  conf  92.2
    page  93/107    415 words  conf  92.9
    page  94/107    351 words  conf  93.0
    page  95/107    245 words  conf  92.0
    page  96/107    347 words  conf  93.9
    page  97/107    371 words  conf  93.1
    page  98/107    165 words  conf  93.5
    page  99/107    250 words  conf  91.6
    page 100/107    447 words  conf  93.1
    page 101/107    380 words  conf  93.1
    page 102/107    340 words  conf  93.7
    page 103/107    247 words  conf  91.6
    page 104/107    460 words  conf  94.8
    page 105/107    387 words  conf  94.3
    page 106/107    376 words  conf  92.9
    page 107/107     87 words  conf  92.9

  chars 210,354  mean confidence 93.11
  low-confidence pages: [44, 45]
  wrote D:\Sinh viên CNhan\AI quantum\docs\ai-quantum-greenwashing-agent\data\legal\raw\TT96-2020-TT-BTC\ocr.txt
  updated D:\Sinh viên CNhan\AI quantum\docs\ai-quantum-greenwashing-agent\configs\legal\LEGAL_SOURCE_REGISTRY.yaml
OCR original.pdf  langs=vie+eng  dpi=300
  tesseract v5.4.0.20240606
    page   1/141    435 words  conf  94.1
    page   2/141    479 words  conf  95.6
    page   3/141    496 words  conf  96.0
    page   4/141    525 words  conf  95.5
    page   5/141    657 words  conf  96.3
    page   6/141    488 words  conf  95.5
    page   7/141    598 words  conf  96.3
    page   8/141    529 words  conf  96.0
    page   9/141    463 words  conf  95.8
    page  10/141    365 words  conf  95.0
    page  11/141    408 words  conf  96.0
    page  12/141    526 words  conf  95.6
    page  13/141    541 words  conf  96.0
    page  14/141    485 words  conf  95.8
    page  15/141    480 words  conf  95.8
    page  16/141    580 words  conf  96.2
    page  17/141    539 words  conf  95.8
    page  18/141    558 words  conf  96.0
    page  19/141    456 words  conf  96.2
    page  20/141    493 words  conf  96.0
    page  21/141    474 words  conf  95.6
    page  22/141    585 words  conf  95.6
    page  23/141    541 words  conf  95.6
    page  24/141    468 words  conf  95.6
    page  25/141    462 words  conf  95.8
    page  26/141    487 words  conf  95.6
    page  27/141    442 words  conf  95.1
    page  28/141    454 words  conf  95.9
    page  29/141    471 words  conf  95.7
    page  30/141    437 words  conf  95.4
    page  31/141    190 words  conf  94.8
    page  32/141    135 words  conf  91.1
    page  33/141    360 words  conf  93.8
    page  34/141    164 words  conf  95.5
    page  35/141    343 words  conf  92.4
    page  36/141    172 words  conf  96.0
    page  37/141     83 words  conf  95.4
    page  38/141    283 words  conf  95.2
    page  39/141    181 words  conf  92.1
    page  40/141    217 words  conf  92.3
    page  41/141    271 words  conf  95.8
    page  42/141    192 words  conf  91.7
    page  43/141    345 words  conf  92.6
    page  44/141    205 words  conf  95.3
    page  45/141    262 words  conf  86.9
    page  46/141    345 words  conf  57.1
    page  47/141    261 words  conf  86.3
    page  48/141    126 words  conf  94.4
    page  49/141    268 words  conf  55.7
    page  50/141    254 words  conf  90.3
    page  51/141    265 words  conf  94.5
    page  52/141    381 words  conf  94.8
    page  53/141    286 words  conf  91.9
    page  54/141    233 words  conf  94.8
    page  55/141    358 words  conf  94.5
    page  56/141    367 words  conf  95.1
    page  57/141    264 words  conf  81.3
    page  58/141    194 words  conf  60.2
    page  59/141    341 words  conf  89.8
    page  60/141    305 words  conf  81.8
    page  61/141    294 words  conf  87.7
    page  62/141    170 words  conf  95.5
    page  63/141    234 words  conf  93.6
    page  64/141     79 words  conf  89.2
    page  65/141    294 words  conf  86.7
    page  66/141    112 words  conf  94.2
    page  67/141    254 words  conf  87.5
    page  68/141    370 words  conf  88.9
    page  69/141    242 words  conf  85.0
    page  70/141    171 words  conf  86.6
    page  71/141    250 words  conf  91.1
    page  72/141    163 words  conf  93.7
    page  73/141    277 words  conf  93.9
    page  74/141    416 words  conf  95.2
    page  75/141    161 words  conf  84.5
    page  76/141    153 words  conf  93.1
    page  77/141    133 words  conf  93.6
    page  78/141    118 words  conf  95.0
    page  79/141    274 words  conf  91.3
    page  80/141    227 words  conf  69.2
    page  81/141    159 words  conf  93.3
    page  82/141    286 words  conf  82.0
    page  83/141    216 words  conf  93.4
    page  84/141    383 words  conf  84.3
    page  85/141    298 words  conf  83.8
    page  86/141    269 words  conf  93.2
    page  87/141     60 words  conf  93.0
    page  88/141    165 words  conf  80.3
    page  89/141    290 words  conf  95.4
    page  90/141    458 words  conf  94.5
    page  91/141    192 words  conf  86.3
    page  92/141    144 words  conf  93.8
    page  93/141    141 words  conf  92.3
    page  94/141    135 words  conf  92.5
    page  95/141    247 words  conf  84.6
    page  96/141    262 words  conf  74.2
    page  97/141    274 words  conf  93.7
    page  98/141    329 words  conf  79.5
    page  99/141    331 words  conf  84.5
    page 100/141    248 words  conf  74.2
    page 101/141    366 words  conf  70.4
    page 102/141    270 words  conf  77.7
    page 103/141    328 words  conf  73.4
    page 104/141    321 words  conf  95.6
    page 105/141    176 words  conf  95.7
    page 106/141    336 words  conf  92.4
    page 107/141    341 words  conf  87.2
    page 108/141    198 words  conf  91.1
    page 109/141    147 words  conf  90.7
    page 110/141    202 words  conf  88.9
    page 111/141    186 words  conf  88.2
    page 112/141    181 words  conf  94.9
    page 113/141    383 words  conf  91.3
    page 114/141    307 words  conf  92.8
    page 115/141    265 words  conf  87.8
    page 116/141    224 words  conf  90.4
    page 117/141    171 words  conf  88.5
    page 118/141    199 words  conf  86.7
    page 119/141    402 words  conf  93.9
    page 120/141    124 words  conf  89.1
    page 121/141    121 words  conf  88.6
    page 122/141    406 words  conf  94.0
    page 123/141    118 words  conf  93.9
    page 124/141    171 words  conf  87.0
    page 125/141    157 words  conf  87.6
    page 126/141    394 words  conf  94.0
    page 127/141     79 words  conf  96.0
    page 128/141    138 words  conf  87.5
    page 129/141    403 words  conf  94.1
    page 130/141    148 words  conf  89.5
    page 131/141    144 words  conf  90.8
    page 132/141    390 words  conf  92.7
    page 133/141     64 words  conf  93.2
    page 134/141    151 words  conf  90.0
    page 135/141    144 words  conf  91.3
    page 136/141    267 words  conf  88.2
    page 137/141    209 words  conf  87.1
    page 138/141    227 words  conf  89.7
    page 139/141    178 words  conf  92.9
    page 140/141    123 words  conf  87.2
    page 141/141    239 words  conf  90.0

  chars 193,849  mean confidence 90.43
  low-confidence pages: [46, 49, 58, 80, 96, 100, 101, 103]
  wrote D:\Sinh viên CNhan\AI quantum\docs\ai-quantum-greenwashing-agent\data\legal\raw\ND119-2025-ND-CP\ocr.txt
  updated D:\Sinh viên CNhan\AI quantum\docs\ai-quantum-greenwashing-agent\configs\legal\LEGAL_SOURCE_REGISTRY.yaml
OCR original.pdf  langs=vie+eng  dpi=300
  tesseract v5.4.0.20240606
    page   1/62    395 words  conf  93.1
    page   2/62    578 words  conf  95.4
    page   3/62    489 words  conf  95.3
    page   4/62    550 words  conf  95.1
    page   5/62    497 words  conf  95.5
    page   6/62    524 words  conf  95.5
    page   7/62    605 words  conf  95.9
    page   8/62    571 words  conf  95.4
    page   9/62    561 words  conf  95.8
    page  10/62    515 words  conf  95.2
    page  11/62    613 words  conf  95.9
    page  12/62    422 words  conf  95.5
    page  13/62    502 words  conf  94.9
    page  14/62    547 words  conf  94.6
    page  15/62    401 words  conf  95.6
    page  16/62    547 words  conf  95.2
    page  17/62    595 words  conf  95.3
    page  18/62    475 words  conf  95.1
    page  19/62    568 words  conf  96.0
    page  20/62    458 words  conf  94.9
    page  21/62    572 words  conf  95.6
    page  22/62    547 words  conf  94.9
    page  23/62    579 words  conf  96.3
    page  24/62    555 words  conf  95.4
    page  25/62    620 words  conf  96.0
    page  26/62    577 words  conf  96.1
    page  27/62    604 words  conf  96.5
    page  28/62    552 words  conf  94.8
    page  29/62    503 words  conf  95.3
    page  30/62    710 words  conf  94.5
    page  31/62    537 words  conf  95.7
    page  32/62    588 words  conf  95.2
    page  33/62    525 words  conf  93.4
    page  34/62    210 words  conf  91.6
    page  35/62    319 words  conf  92.6
    page  36/62    396 words  conf  89.1
    page  37/62    387 words  conf  93.0
    page  38/62    403 words  conf  92.6
    page  39/62    456 words  conf  94.8
    page  40/62    362 words  conf  96.0
    page  41/62    493 words  conf  93.5
    page  42/62    332 words  conf  96.0
    page  43/62    387 words  conf  94.9
    page  44/62    387 words  conf  95.5
    page  45/62    373 words  conf  95.4
    page  46/62    580 words  conf  93.7
    page  47/62    376 words  conf  96.0
    page  48/62    456 words  conf  93.2
    page  49/62    229 words  conf  86.5
    page  50/62    254 words  conf  90.9
    page  51/62    259 words  conf  86.1
    page  52/62    301 words  conf  84.5
    page  53/62    287 words  conf  88.7
    page  54/62    153 words  conf  87.5
    page  55/62    222 words  conf  87.4
    page  56/62    348 words  conf  91.4
    page  57/62    166 words  conf  95.8
    page  58/62    349 words  conf  86.0
    page  59/62    295 words  conf  90.8
    page  60/62    526 words  conf  92.8
    page  61/62    495 words  conf  95.6
    page  62/62    218 words  conf  93.7

  chars 127,037  mean confidence 93.72
  low-confidence pages: none
  wrote D:\Sinh viên CNhan\AI quantum\docs\ai-quantum-greenwashing-agent\data\legal\raw\ND48-2026-ND-CP\ocr.txt
  updated D:\Sinh viên CNhan\AI quantum\docs\ai-quantum-greenwashing-agent\configs\legal\LEGAL_SOURCE_REGISTRY.yaml
OCR original.pdf  langs=vie+eng  dpi=300
  tesseract v5.4.0.20240606
    page   1/19    421 words  conf  93.5
    page   2/19    501 words  conf  95.4
    page   3/19    465 words  conf  94.3
    page   4/19    261 words  conf  95.2
    page   5/19    310 words  conf  88.0
    page   6/19    222 words  conf  91.6
    page   7/19    151 words  conf  92.6
    page   8/19    210 words  conf  88.3
    page   9/19    181 words  conf  95.4
    page  10/19    180 words  conf  93.8
    page  11/19    335 words  conf  91.2
    page  12/19    299 words  conf  95.1
    page  13/19    261 words  conf  89.1
    page  14/19    232 words  conf  90.0
    page  15/19    227 words  conf  85.4
    page  16/19    203 words  conf  86.7
    page  17/19    374 words  conf  93.8
    page  18/19     79 words  conf  95.6
    page  19/19    140 words  conf  81.2

  chars 22,802  mean confidence 91.38
  low-confidence pages: none
  wrote D:\Sinh viên CNhan\AI quantum\docs\ai-quantum-greenwashing-agent\data\legal\raw\ND83-2026-ND-CP\ocr.txt
  updated D:\Sinh viên CNhan\AI quantum\docs\ai-quantum-greenwashing-agent\configs\legal\LEGAL_SOURCE_REGISTRY.yaml

OCR complete. Failed: none
