19:27:20 INFO    29 target(s) | phase=all | cap=30/target | dry_run=False
19:27:21 INFO    ---------- [1/29] INT-VANGUARD-AU ----------
19:27:21 INFO    === INT-VANGUARD-AU | case pack | ASIC / Federal Court of Australia
19:27:21 INFO    HTTP Request: GET https://www.asic.gov.au/robots.txt "HTTP/1.1 200 OK"
19:27:21 INFO    HTTP Request: GET https://www.asic.gov.au/about-asic/news-centre/find-a-media-release/2024-releases/24-213mr-asic-s-vanguard-greenwashing-action-results-in-record-12-9-million-penalty/ "HTTP/1.1 200 OK"
19:27:22 INFO    stored INT-VANGUARD-AU        ruling_page e40166544336f10b.html
19:27:22 INFO    HTTP Request: GET https://www.asic.gov.au/newsroom/media-releases/ "HTTP/1.1 200 OK"
19:27:23 INFO    stored INT-VANGUARD-AU        attachment  abee5d0688481047.html
19:27:24 INFO    HTTP Request: GET https://download.asic.gov.au/robots.txt "HTTP/1.1 404 Not Found"
19:27:24 INFO    HTTP Request: GET https://download.asic.gov.au/media/ot1k4one/24-213mr-asic-v-vanguard-investments-australia-ltd-no-2-2024-fca-1086-judgment.pdf "HTTP/1.1 200 OK"
19:27:25 INFO    stored INT-VANGUARD-AU        order       2e047b10004ec3e3.pdf
19:27:25 INFO    HTTP Request: GET https://download.asic.gov.au/media/0nhfofgc/24-213mr-asic-v-vanguard-investments-australia-ltd-order.pdf "HTTP/1.1 200 OK"
19:27:26 INFO    stored INT-VANGUARD-AU        order       8b4cba12a5846cf3.pdf
19:27:26 INFO    HTTP Request: GET https://www.asic.gov.au/about-asic/news-centre/find-a-media-release/2024-releases/24-173mr-asic-s-first-greenwashing-case-results-in-landmark-11-3-million-penalty-for-mercer/ "HTTP/1.1 200 OK"
19:27:28 INFO    stored INT-VANGUARD-AU        attachment  ab639a4fce1e9bdb.html
19:27:28 INFO    HTTP Request: GET https://www.asic.gov.au/about-asic/news-centre/find-a-media-release/2024-releases/24-061mr-asic-wins-first-greenwashing-civil-penalty-action-against-vanguard/ "HTTP/1.1 200 OK"
19:27:29 INFO    stored INT-VANGUARD-AU        attachment  489fb3cca3f69740.html
19:27:29 INFO    ---------- [2/29] INT-MERCER-AU ----------
19:27:29 INFO    === INT-MERCER-AU | case pack | ASIC / Federal Court of Australia
19:27:30 INFO    HTTP Request: GET https://asic.gov.au/robots.txt "HTTP/1.1 301 Moved Permanently"
19:27:30 INFO    HTTP Request: GET https://www.asic.gov.au/robots.txt "HTTP/1.1 200 OK"
19:27:31 INFO    HTTP Request: GET https://asic.gov.au/about-asic/news-centre/find-a-media-release/2024-releases/24-173mr-asic-s-first-greenwashing-case-results-in-landmark-11-3-million-penalty-for-mercer/ "HTTP/1.1 301 Moved Permanently"
19:27:31 INFO    HTTP Request: GET https://www.asic.gov.au/about-asic/news-centre/find-a-media-release/2024-releases/24-173mr-asic-s-first-greenwashing-case-results-in-landmark-11-3-million-penalty-for-mercer/ "HTTP/1.1 200 OK"
19:27:32 INFO    stored INT-MERCER-AU          ruling_page ab639a4fce1e9bdb.html
19:27:33 INFO    HTTP Request: GET https://download.asic.gov.au/media/bq0nxstc/24-173mr-asic-v-mercer-superannuation-australia-limited-judgment-2-aug-2024.pdf "HTTP/1.1 200 OK"
19:27:35 INFO    stored INT-MERCER-AU          order       a6afface9912cdb0.pdf
19:27:36 INFO    HTTP Request: GET https://www.asic.gov.au/about-asic/news-centre/find-a-media-release/2023-releases/23-196mr-asic-commences-greenwashing-case-against-vanguard-investments-australia/ "HTTP/1.1 200 OK"
19:27:37 INFO    stored INT-MERCER-AU          attachment  0c50e0f2c61c933b.html
19:27:37 INFO    HTTP Request: GET https://www.asic.gov.au/about-asic/news-centre/find-a-media-release/2023-releases/23-215mr-asic-commences-greenwashing-case-against-active-super/ "HTTP/1.1 200 OK"
19:27:38 INFO    stored INT-MERCER-AU          attachment  80b1650919f25597.html
19:27:39 INFO    HTTP Request: GET https://www.asic.gov.au/about-asic/news-centre/find-a-media-release/2022-releases/22-294mr-asic-acts-against-greenwashing-by-energy-company/ "HTTP/1.1 200 OK"
19:27:40 INFO    stored INT-MERCER-AU          attachment  12bc19f0f33e86da.html
19:27:40 INFO    HTTP Request: GET https://www.asic.gov.au/about-asic/news-centre/find-a-media-release/2022-releases/22-336mr-asic-issues-infringement-notices-against-investment-manager-for-greenwashing/ "HTTP/1.1 200 OK"
19:27:41 INFO    stored INT-MERCER-AU          attachment  1701a12e3afc705d.html
19:27:42 INFO    HTTP Request: GET https://www.asic.gov.au/about-asic/news-centre/find-a-media-release/2022-releases/22-379mr-asic-issues-infringement-notice-against-superannuation-trustee-for-greenwashing/ "HTTP/1.1 200 OK"
19:27:43 INFO    stored INT-MERCER-AU          attachment  b93cb83119f7d04b.html
19:27:43 INFO    HTTP Request: GET https://www.asic.gov.au/about-asic/news-centre/find-a-media-release/2023-releases/23-001mr-asic-issues-infringement-notices-to-energy-company-for-greenwashing/ "HTTP/1.1 200 OK"
19:27:44 INFO    stored INT-MERCER-AU          attachment  f544ac86c71cc21c.html
19:27:45 INFO    HTTP Request: GET https://www.asic.gov.au/about-asic/news-centre/find-a-media-release/2023-releases/23-110mr-asic-issues-infringement-notice-to-superannuation-fund-promoter-for-greenwashing/ "HTTP/1.1 200 OK"
19:27:46 INFO    stored INT-MERCER-AU          attachment  7a9507fb66792b5d.html
19:27:46 INFO    HTTP Request: GET https://www.asic.gov.au/about-asic/news-centre/find-a-media-release/2023-releases/23-324mr-asic-issues-infringement-notices-to-morningstar-for-statements-regarding-exposure-to-weapon-investments/ "HTTP/1.1 200 OK"
19:27:47 INFO    stored INT-MERCER-AU          attachment  813160f450f0fd1d.html
19:27:47 INFO    ---------- [3/29] INT-ACTIVE-SUPER-AU ----------
19:27:47 INFO    === INT-ACTIVE-SUPER-AU | case pack | ASIC / Federal Court of Australia
19:27:48 INFO    HTTP Request: GET https://asic.gov.au/about-asic/news-centre/find-a-media-release/2025-releases/25-042mr-active-super-ordered-to-pay-10-5-million-penalty-in-asic-s-third-greenwashing-court-action/ "HTTP/1.1 301 Moved Permanently"
19:27:48 INFO    HTTP Request: GET https://www.asic.gov.au/about-asic/news-centre/find-a-media-release/2025-releases/25-042mr-active-super-ordered-to-pay-10-5-million-penalty-in-asic-s-third-greenwashing-court-action/ "HTTP/1.1 200 OK"
19:27:50 INFO    stored INT-ACTIVE-SUPER-AU    ruling_page c27dc5b7aa91a27f.html
19:27:50 INFO    HTTP Request: GET https://download.asic.gov.au/media/rj4lqhcj/25-042mr-asic-v-lgss-pty-ltd-no-3-judgment.pdf "HTTP/1.1 200 OK"
19:27:52 INFO    stored INT-ACTIVE-SUPER-AU    order       48fcf2f04f51386c.pdf
19:27:52 INFO    ---------- [4/29] INT-CLOROX-AU ----------
19:27:52 INFO    === INT-CLOROX-AU | case pack | ACCC / Federal Court of Australia
19:27:53 INFO    HTTP Request: GET https://www.accc.gov.au/robots.txt "HTTP/1.1 403 Forbidden"
19:27:53 INFO    HTTP Request: GET https://www.accc.gov.au/media-release/clorox-ordered-to-pay-825m-in-penalties-for-misleading-ocean-plastic-claims-about-certain-glad-products "HTTP/1.1 403 Forbidden"
19:27:53 WARNING INT-CLOROX-AU | http_403 | https://www.accc.gov.au/media-release/clorox-ordered-to-pay-825m-in-penalties-for-misleading-ocean-p
19:27:53 INFO    ---------- [5/29] INT-INVESCO-US ----------
19:27:53 INFO    === INT-INVESCO-US | case pack | U.S. SEC
19:27:53 INFO    HTTP Request: GET https://www.sec.gov/robots.txt "HTTP/1.1 200 OK"
19:27:54 INFO    HTTP Request: GET https://www.sec.gov/newsroom/press-releases/2024-179 "HTTP/1.1 200 OK"
19:27:55 INFO    stored INT-INVESCO-US         ruling_page 2d7967bf4cca5882.html
19:27:55 INFO    HTTP Request: GET https://www.sec.gov/enforcement-litigation "HTTP/1.1 200 OK"
19:27:56 INFO    stored INT-INVESCO-US         attachment  02f7ed224da798b6.html
19:27:57 INFO    HTTP Request: GET https://www.sec.gov/enforcement-litigation/administrative-law-judge-orders-initial-decisions "HTTP/1.1 200 OK"
19:27:58 INFO    stored INT-INVESCO-US         attachment  05d93973d9391209.html
19:27:58 INFO    HTTP Request: GET https://www.sec.gov/submit-tip-or-complaint "HTTP/1.1 200 OK"
19:28:00 INFO    stored INT-INVESCO-US         attachment  6662851ccc14853c.html
19:28:00 INFO    HTTP Request: GET https://www.sec.gov/newsroom/press-releases "HTTP/1.1 200 OK"
19:28:01 INFO    stored INT-INVESCO-US         attachment  5eda665854bd1a2a.html
19:28:01 INFO    HTTP Request: GET https://www.sec.gov/files/litigation/admin/2024/ia-6770.pdf "HTTP/1.1 200 OK"
19:28:03 INFO    stored INT-INVESCO-US         order       b89eeb590c9aea5f.pdf
19:28:03 INFO    HTTP Request: GET https://www.sec.gov/files/ocoo01-excess-pers-prop-guidance.pdf "HTTP/1.1 200 OK"
19:28:05 INFO    stored INT-INVESCO-US         order       2cca0a52c3e30767.pdf
19:28:05 INFO    ---------- [6/29] INT-WISDOMTREE-US ----------
19:28:05 INFO    === INT-WISDOMTREE-US | case pack | U.S. SEC
19:28:06 INFO    HTTP Request: GET https://www.sec.gov/newsroom/press-releases/2024-173 "HTTP/1.1 200 OK"
19:28:07 INFO    stored INT-WISDOMTREE-US      ruling_page 4e80ed0df1199939.html
19:28:07 INFO    HTTP Request: GET https://www.sec.gov/files/litigation/admin/2024/ia-6753.pdf "HTTP/1.1 200 OK"
19:28:09 INFO    stored INT-WISDOMTREE-US      order       f46f85aeed4a3e04.pdf
19:28:09 INFO    ---------- [7/29] INT-GSAM-US ----------
19:28:09 INFO    === INT-GSAM-US | case pack | U.S. SEC
19:28:09 INFO    HTTP Request: GET https://www.sec.gov/newsroom/press-releases/2022-209 "HTTP/1.1 200 OK"
19:28:11 INFO    stored INT-GSAM-US            ruling_page 38f2e1d9eb1ea3ba.html
19:28:11 INFO    HTTP Request: GET https://www.sec.gov/litigation/admin/2022/ia-6189.pdf "HTTP/1.1 301 Moved Permanently"
19:28:11 INFO    HTTP Request: GET https://www.sec.gov/files/litigation/admin/2022/ia-6189.pdf "HTTP/1.1 200 OK"
19:28:13 INFO    stored INT-GSAM-US            order       aa1411079f9d38ce.pdf
19:28:13 INFO    ---------- [8/29] INT-TLOU-AU ----------
19:28:13 INFO    === INT-TLOU-AU | case pack | ASIC
19:28:13 INFO    HTTP Request: GET https://www.asic.gov.au/about-asic/news-centre/find-a-media-release/2022-releases/22-294mr-asic-acts-against-greenwashing-by-energy-company/ "HTTP/1.1 200 OK"
19:28:15 INFO    stored INT-TLOU-AU            ruling_page 12bc19f0f33e86da.html
19:28:15 INFO    HTTP Request: GET https://www.asic.gov.au/online-services/search-asic-registers/infringement-notices-register/ "HTTP/1.1 200 OK"
19:28:17 INFO    stored INT-TLOU-AU            attachment  08865b43ee8bc27e.html
19:28:17 INFO    ---------- [9/29] INT-BLACK-MOUNTAIN-AU ----------
19:28:17 INFO    === INT-BLACK-MOUNTAIN-AU | case pack | ASIC
19:28:17 INFO    HTTP Request: GET https://asic.gov.au/about-asic/news-centre/find-a-media-release/2023-releases/23-001mr-asic-issues-infringement-notices-to-energy-company-for-greenwashing/ "HTTP/1.1 301 Moved Permanently"
19:28:17 INFO    HTTP Request: GET https://www.asic.gov.au/about-asic/news-centre/find-a-media-release/2023-releases/23-001mr-asic-issues-infringement-notices-to-energy-company-for-greenwashing/ "HTTP/1.1 200 OK"
19:28:18 INFO    stored INT-BLACK-MOUNTAIN-AU  ruling_page f544ac86c71cc21c.html
19:28:19 INFO    HTTP Request: GET https://asic.gov.au/online-services/search-asic-s-registers/additional-searches/credit-and-asic-act-infringements-notices-register/ "HTTP/1.1 301 Moved Permanently"
19:28:19 INFO    HTTP Request: GET https://www.asic.gov.au/online-services/search-asic-s-registers/additional-searches/credit-and-asic-act-infringements-notices-register/ "HTTP/1.1 301 Moved Permanently"
19:28:19 INFO    HTTP Request: GET https://www.asic.gov.au/online-services/search-asic-registers/infringement-notices-register/ "HTTP/1.1 200 OK"
19:28:20 INFO    stored INT-BLACK-MOUNTAIN-AU  attachment  08865b43ee8bc27e.html
19:28:21 INFO    HTTP Request: GET https://asic.gov.au/about-asic/news-centre/find-a-media-release/2022-releases/22-294mr-asic-acts-against-greenwashing-by-energy-company/ "HTTP/1.1 301 Moved Permanently"
19:28:21 INFO    HTTP Request: GET https://www.asic.gov.au/about-asic/news-centre/find-a-media-release/2022-releases/22-294mr-asic-acts-against-greenwashing-by-energy-company/ "HTTP/1.1 200 OK"
19:28:22 INFO    stored INT-BLACK-MOUNTAIN-AU  attachment  12bc19f0f33e86da.html
19:28:22 INFO    HTTP Request: GET https://asic.gov.au/about-asic/news-centre/find-a-media-release/2022-releases/22-336mr-asic-issues-infringement-notices-against-investment-manager-for-greenwashing/ "HTTP/1.1 301 Moved Permanently"
19:28:22 INFO    HTTP Request: GET https://www.asic.gov.au/about-asic/news-centre/find-a-media-release/2022-releases/22-336mr-asic-issues-infringement-notices-against-investment-manager-for-greenwashing/ "HTTP/1.1 200 OK"
19:28:23 INFO    stored INT-BLACK-MOUNTAIN-AU  attachment  1701a12e3afc705d.html
19:28:24 INFO    HTTP Request: GET https://asic.gov.au/about-asic/news-centre/find-a-media-release/2022-releases/22-379mr-asic-issues-infringement-notice-against-superannuation-trustee-for-greenwashing/ "HTTP/1.1 301 Moved Permanently"
19:28:24 INFO    HTTP Request: GET https://www.asic.gov.au/about-asic/news-centre/find-a-media-release/2022-releases/22-379mr-asic-issues-infringement-notice-against-superannuation-trustee-for-greenwashing/ "HTTP/1.1 200 OK"
19:28:25 INFO    stored INT-BLACK-MOUNTAIN-AU  attachment  b93cb83119f7d04b.html
19:28:25 INFO    ---------- [10/29] INT-FERTOZ-AU ----------
19:28:25 INFO    === INT-FERTOZ-AU | case pack | ASIC
19:28:25 INFO    HTTP Request: GET https://asic.gov.au/about-asic/news-centre/find-a-media-release/2024-releases/24-133mr-asx-listed-company-pays-two-infringement-notices-for-greenwashing-in-market-announcements/ "HTTP/1.1 301 Moved Permanently"
19:28:25 INFO    HTTP Request: GET https://www.asic.gov.au/about-asic/news-centre/find-a-media-release/2024-releases/24-133mr-asx-listed-company-pays-two-infringement-notices-for-greenwashing-in-market-announcements/ "HTTP/1.1 200 OK"
19:28:27 INFO    stored INT-FERTOZ-AU          ruling_page 23d5d1a2ee7fe80e.html
19:28:27 INFO    HTTP Request: GET https://www.asic.gov.au/about-asic/news-centre/find-a-media-release/2023-releases/23-344mr-asic-issues-infringement-notices-to-northern-trust-asset-management-for-greenwashing/ "HTTP/1.1 200 OK"
19:28:28 INFO    stored INT-FERTOZ-AU          attachment  b609cf387d2480f3.html
19:28:29 INFO    HTTP Request: GET https://www.asic.gov.au/about-asic/news-centre/find-a-media-release/2024-releases/24-029mr-asic-issues-infringement-notice-to-melbourne-securities-for-greenwashing/ "HTTP/1.1 200 OK"
19:28:30 INFO    stored INT-FERTOZ-AU          attachment  604291b30fe27855.html
19:28:30 INFO    HTTP Request: GET https://www.asic.gov.au/about-asic/news-centre/find-a-media-release/2024-releases/24-121mr-court-finds-active-super-made-misleading-esg-claims-in-a-greenwashing-action-brought-by-asic/ "HTTP/1.1 200 OK"
19:28:31 INFO    stored INT-FERTOZ-AU          attachment  cd8d079376d67b1f.html
19:28:32 INFO    HTTP Request: GET https://www.asic.gov.au/about-asic/news-centre/find-a-media-release/2023-releases/23-043mr-asic-launches-first-court-proceedings-alleging-greenwashing/ "HTTP/1.1 200 OK"
19:28:33 INFO    stored INT-FERTOZ-AU          attachment  e21b29d8ee36921b.html
19:28:33 INFO    ---------- [11/29] INT-MORNINGSTAR-AU ----------
19:28:33 INFO    === INT-MORNINGSTAR-AU | case pack | ASIC
19:28:33 INFO    HTTP Request: GET https://www.asic.gov.au/about-asic/news-centre/find-a-media-release/2023-releases/23-324mr-asic-issues-infringement-notices-to-morningstar-for-statements-regarding-exposure-to-weapon-investments/ "HTTP/1.1 200 OK"
19:28:34 INFO    stored INT-MORNINGSTAR-AU     ruling_page 813160f450f0fd1d.html
19:28:34 INFO    ---------- [12/29] INT-NORTHERN-TRUST-AU ----------
19:28:34 INFO    === INT-NORTHERN-TRUST-AU | case pack | ASIC
19:28:35 INFO    HTTP Request: GET https://asic.gov.au/about-asic/news-centre/find-a-media-release/2023-releases/23-344mr-asic-issues-infringement-notices-to-northern-trust-asset-management-for-greenwashing/ "HTTP/1.1 301 Moved Permanently"
19:28:35 INFO    HTTP Request: GET https://www.asic.gov.au/about-asic/news-centre/find-a-media-release/2023-releases/23-344mr-asic-issues-infringement-notices-to-northern-trust-asset-management-for-greenwashing/ "HTTP/1.1 200 OK"
19:28:36 INFO    stored INT-NORTHERN-TRUST-AU  ruling_page b609cf387d2480f3.html
19:28:36 INFO    ---------- [13/29] INT-SHELL-UK ----------
19:28:36 INFO    === INT-SHELL-UK | case pack | UK Advertising Standards Authority
19:28:38 INFO    HTTP Request: GET https://www.asa.org.uk/robots.txt "HTTP/1.1 200 OK"
19:28:38 INFO    HTTP Request: GET https://www.asa.org.uk/rulings/shell-uk-ltd-g22-1170842-shell-uk-ltd.html "HTTP/1.1 200 OK"
19:28:40 INFO    stored INT-SHELL-UK           ruling_page 29ff029ff5280625.html
19:28:40 INFO    HTTP Request: GET https://www.asa.org.uk/rulings/shell-uk-ltd-g22-1170842-shell-uk-ltd.html "HTTP/1.1 200 OK"
19:28:41 INFO    stored INT-SHELL-UK           attachment  29ff029ff5280625.html
19:28:41 INFO    HTTP Request: GET https://www.asa.org.uk/about-asa-and-cap.html "HTTP/1.1 200 OK"
19:28:43 INFO    stored INT-SHELL-UK           attachment  1d5eff86630f2594.html
19:28:43 INFO    HTTP Request: GET https://www.asa.org.uk/general/media.html "HTTP/1.1 200 OK"
19:28:44 INFO    stored INT-SHELL-UK           attachment  911467add2ecc09b.html
19:28:44 INFO    HTTP Request: GET https://www.asa.org.uk/codes-and-rulings.html "HTTP/1.1 200 OK"
19:28:46 INFO    stored INT-SHELL-UK           attachment  6305406124ebb13c.html
19:28:46 INFO    HTTP Request: GET https://www.asa.org.uk/codes-and-rulings/advertising-codes.html "HTTP/1.1 200 OK"
19:28:47 INFO    stored INT-SHELL-UK           attachment  e6b9ac4f4e911091.html
19:28:47 INFO    HTTP Request: GET https://www.asa.org.uk/codes-and-rulings/rulings.html "HTTP/1.1 200 OK"
19:28:49 INFO    stored INT-SHELL-UK           attachment  7fdc7a7d914a478b.html
19:28:49 INFO    HTTP Request: GET https://www.asa.org.uk/codes-and-rulings/independent-reviews.html "HTTP/1.1 200 OK"
19:28:50 INFO    stored INT-SHELL-UK           attachment  d49e4799d70a1878.html
19:28:50 INFO    HTTP Request: GET https://www.asa.org.uk/codes-and-rulings/non-compliant-online-advertisers.html "HTTP/1.1 200 OK"
19:28:52 INFO    stored INT-SHELL-UK           attachment  615d1ab2f19cba2a.html
19:28:52 INFO    HTTP Request: GET https://www.asa.org.uk/codes-and-rulings/sanctions.html "HTTP/1.1 200 OK"
19:28:53 INFO    stored INT-SHELL-UK           attachment  07dc576b12062d0d.html
19:28:54 INFO    HTTP Request: GET https://www.asa.org.uk/codes-and-rulings/trading-standards-referrals.html "HTTP/1.1 200 OK"
19:28:55 INFO    stored INT-SHELL-UK           attachment  97af13a7d19a8a2f.html
19:28:55 INFO    HTTP Request: GET https://www.asa.org.uk/codes-and-rulings/non-compliant-social-media-influencers.html "HTTP/1.1 200 OK"
19:28:56 INFO    stored INT-SHELL-UK           attachment  9ace70d1fc20b92a.html
19:28:57 INFO    HTTP Request: GET https://www.asa.org.uk/advice-and-resources.html "HTTP/1.1 200 OK"
19:28:58 INFO    stored INT-SHELL-UK           attachment  eb0cbb0f576c23b8.html
19:28:58 INFO    HTTP Request: GET https://www.asa.org.uk/advice-and-resources/rulings-podcasts.html "HTTP/1.1 200 OK"
19:28:59 INFO    stored INT-SHELL-UK           attachment  258aef8e36f7a3a8.html
19:29:00 INFO    HTTP Request: GET https://www.asa.org.uk/issues-and-topics.html "HTTP/1.1 200 OK"
19:29:01 INFO    stored INT-SHELL-UK           attachment  0299a0af8a548ae4.html
19:29:01 INFO    HTTP Request: GET https://www.asa.org.uk/make-a-complaint.html "HTTP/1.1 200 OK"
19:29:03 INFO    stored INT-SHELL-UK           attachment  89129f02ac4d06d7.html
19:29:03 INFO    HTTP Request: GET https://www.asa.org.uk/make-a-complaint/how-we-handle-complaints.html "HTTP/1.1 200 OK"
19:29:04 INFO    stored INT-SHELL-UK           attachment  1cf0c42c71300ede.html
19:29:04 INFO    HTTP Request: GET https://www.asa.org.uk/make-a-complaint/report-an-online-scam-ad.html "HTTP/1.1 200 OK"
19:29:06 INFO    stored INT-SHELL-UK           attachment  3d387080ed2f2843.html
19:29:06 INFO    HTTP Request: GET https://www.asa.org.uk/make-a-complaint/prioritisation-principles.html "HTTP/1.1 200 OK"
19:29:07 INFO    stored INT-SHELL-UK           attachment  c392e20d55b3a95d.html
19:29:08 INFO    HTTP Request: GET https://www.asa.org.uk/make-a-complaint/complaints-faq.html "HTTP/1.1 200 OK"
19:29:09 INFO    stored INT-SHELL-UK           attachment  6513626a0d6c8711.html
19:29:09 INFO    HTTP Request: GET https://www.asa.org.uk/rulings/shell-uk-ltd-g24-1248246-shell-uk-ltd.html "HTTP/1.1 200 OK"
19:29:10 INFO    stored INT-SHELL-UK           attachment  87646f7f55295cbe.html
19:29:11 INFO    HTTP Request: GET https://www.asa.org.uk/rulings/dignity-funerals-ltd-a26-1327296-dignity-funerals-ltd.html "HTTP/1.1 200 OK"
19:29:12 INFO    stored INT-SHELL-UK           attachment  fd04ae3efa627250.html
19:29:12 INFO    HTTP Request: GET https://www.asa.org.uk/rulings/eurowings-gmbh---a26-1326605-eurowings-gmbh.html "HTTP/1.1 200 OK"
19:29:14 INFO    stored INT-SHELL-UK           attachment  df892b29b716598a.html
19:29:14 INFO    HTTP Request: GET https://www.asa.org.uk/rulings/origin-sleep-uk-ltd-a26-1329295-origin-sleep-uk-ltd.html "HTTP/1.1 200 OK"
19:29:15 INFO    stored INT-SHELL-UK           attachment  f4d370dbbaa25ce2.html
19:29:16 INFO    HTTP Request: GET https://www.asa.org.uk/codes-and-rulings/rulings.html?topic=7E2B6966-95A4-4509-AD744D6397CAC795%2C7E2B6966-95A4-4509-AD744D6397CAC795%2C7E2B6966-95A4-4509-AD744D6397CAC795%2CEA565A01-F7E1-491F-915017B2E5B9267B%2CEA565A01-F7E1-491F-915017B2E5B9267B%2CEA565A01-F7E1-491F-915017B2E5B9267B&issue=B62E671E-81D6-42FD-8BDA1611D194B1D3%2C&media_channel=BC2C52BC-C671-4496-85087BE16E9A9473%2CA61D71F3-9E28-4797-B7F31BB702102FB3%2C2FED54B5-5B19-40BC-B75BD73F29665855&date_period=past_year "HTTP/1.1 200 OK"
19:29:17 INFO    stored INT-SHELL-UK           attachment  5b92f9fd1839d6ba.html
19:29:17 INFO    ---------- [14/29] INT-REPSOL-ES ----------
19:29:17 INFO    === INT-REPSOL-ES | case pack | UK Advertising Standards Authority
19:29:18 INFO    HTTP Request: GET https://www.asa.org.uk/rulings/repsol-sa-a23-1185942-repsol-sa.html "HTTP/1.1 200 OK"
19:29:19 INFO    stored INT-REPSOL-ES          ruling_page c73e39918b45705e.html
19:29:19 INFO    HTTP Request: GET https://www.asa.org.uk/rulings/repsol-sa-a23-1185942-repsol-sa.html "HTTP/1.1 200 OK"
19:29:21 INFO    stored INT-REPSOL-ES          attachment  c73e39918b45705e.html
19:29:21 INFO    HTTP Request: GET https://www.asa.org.uk/rulings/repsol-sa-a23-1206254-repsol-sa.html "HTTP/1.1 200 OK"
19:29:22 INFO    stored INT-REPSOL-ES          attachment  2543e66b31abdb4e.html
19:29:23 INFO    HTTP Request: GET https://www.asa.org.uk/rulings/stove-industry-alliance-ltd-a25-1292745-stove-industry-alliance-ltd.html "HTTP/1.1 200 OK"
19:29:24 INFO    stored INT-REPSOL-ES          attachment  aee9cbda99361bb8.html
19:29:24 INFO    HTTP Request: GET https://www.asa.org.uk/rulings/ecoflow-innovation-uk-a26-1326698-ecoflow-innovation-uk.html "HTTP/1.1 200 OK"
19:29:25 INFO    stored INT-REPSOL-ES          attachment  5656f34b4522d163.html
19:29:26 INFO    HTTP Request: GET https://www.asa.org.uk/rulings/british-gas-services-ltd-a25-1295064-british-gas-services-ltd.html "HTTP/1.1 200 OK"
19:29:27 INFO    stored INT-REPSOL-ES          attachment  8c0c53bc6926957c.html
19:29:28 INFO    HTTP Request: GET https://www.asa.org.uk/codes-and-rulings/rulings.html?topic=EA565A01-F7E1-491F-915017B2E5B9267B&issue=B62E671E-81D6-42FD-8BDA1611D194B1D3%2C&media_channel=2FED54B5-5B19-40BC-B75BD73F29665855&date_period=past_year "HTTP/1.1 200 OK"
19:29:29 INFO    stored INT-REPSOL-ES          attachment  4d7154c180fbfd98.html
19:29:29 INFO    ---------- [15/29] INT-PETRONAS-MY ----------
19:29:29 INFO    === INT-PETRONAS-MY | case pack | UK Advertising Standards Authority
19:29:30 INFO    HTTP Request: GET https://www.asa.org.uk/rulings/petroliam-nasional-berhad-a22-1169312-petroliam-nasional-berhad.html "HTTP/1.1 200 OK"
19:29:31 INFO    stored INT-PETRONAS-MY        ruling_page 386d84ae4560f32b.html
19:29:31 INFO    HTTP Request: GET https://www.asa.org.uk/rulings/petroliam-nasional-berhad-a22-1169312-petroliam-nasional-berhad.html "HTTP/1.1 200 OK"
19:29:32 INFO    stored INT-PETRONAS-MY        attachment  386d84ae4560f32b.html
19:29:33 INFO    HTTP Request: GET https://www.asa.org.uk/rulings/pure-cremation-funeral-planning-ltd-g26-1325133-pure-cremation-funeral-planning-ltd.html "HTTP/1.1 200 OK"
19:29:34 INFO    stored INT-PETRONAS-MY        attachment  338040338dfb0094.html
19:29:34 INFO    HTTP Request: GET https://www.asa.org.uk/rulings/shop-tjc-ltd--a25-1316858-shop-tjc-ltd.html "HTTP/1.1 200 OK"
19:29:36 INFO    stored INT-PETRONAS-MY        attachment  6253c6d3c329f7e7.html
19:29:36 INFO    HTTP Request: GET https://www.asa.org.uk/codes-and-rulings/rulings.html?topic=7E2B6966-95A4-4509-AD744D6397CAC795%2CEA565A01-F7E1-491F-915017B2E5B9267B&issue=B62E671E-81D6-42FD-8BDA1611D194B1D3%2C&media_channel=A61D71F3-9E28-4797-B7F31BB702102FB3&date_period=past_year "HTTP/1.1 200 OK"
19:29:38 INFO    stored INT-PETRONAS-MY        attachment  cfbf07cfb4eb436f.html
19:29:38 INFO    ---------- [16/29] INT-EQUINOR-NO ----------
19:29:38 INFO    === INT-EQUINOR-NO | case pack | UK Advertising Standards Authority
19:29:38 INFO    HTTP Request: GET https://www.asa.org.uk/rulings/equinor-asa-a23-1204534-equinor-asa.html "HTTP/1.1 200 OK"
19:29:39 INFO    stored INT-EQUINOR-NO         ruling_page ab734ad028630429.html
19:29:40 INFO    HTTP Request: GET https://www.asa.org.uk/rulings/equinor-asa-a23-1204534-equinor-asa.html "HTTP/1.1 200 OK"
19:29:41 INFO    stored INT-EQUINOR-NO         attachment  ab734ad028630429.html
19:29:41 INFO    HTTP Request: GET https://www.asa.org.uk/rulings/centrica-hive-ltd-a25-1295069-centrica-hive-ltd.html "HTTP/1.1 200 OK"
19:29:42 INFO    stored INT-EQUINOR-NO         attachment  9445b6159943176b.html
19:29:43 INFO    HTTP Request: GET https://www.asa.org.uk/rulings/washwater-uk-ltd-a25-1314135-washwater-uk-ltd.html "HTTP/1.1 200 OK"
19:29:44 INFO    stored INT-EQUINOR-NO         attachment  45a4ddcb7efe315f.html
19:29:45 INFO    HTTP Request: GET https://www.asa.org.uk/codes-and-rulings/rulings.html?topic=EA565A01-F7E1-491F-915017B2E5B9267B&issue=B62E671E-81D6-42FD-8BDA1611D194B1D3%2C&media_channel=BD38047C-CFAE-44D7-AE469B54E4C806DE&date_period=past_year "HTTP/1.1 200 OK"
19:29:46 INFO    stored INT-EQUINOR-NO         attachment  db2037ee57f420a8.html
19:29:46 INFO    ---------- [17/29] INT-TOTALENERGIES-FR ----------
19:29:46 INFO    === INT-TOTALENERGIES-FR | case pack | UK Advertising Standards Authority
19:29:46 INFO    HTTP Request: GET https://www.asa.org.uk/rulings/totalenergies-se-a24-1246357-totalenergies-se.html "HTTP/1.1 200 OK"
19:29:48 INFO    stored INT-TOTALENERGIES-FR   ruling_page d2f39d48a6721969.html
19:29:48 INFO    HTTP Request: GET https://www.asa.org.uk/rulings/totalenergies-se-a24-1246357-totalenergies-se.html "HTTP/1.1 200 OK"
19:29:49 INFO    stored INT-TOTALENERGIES-FR   attachment  d2f39d48a6721969.html
19:29:50 INFO    HTTP Request: GET https://www.asa.org.uk/resource/archive-cap-code-prior-to-6apr25-dmcca.html "HTTP/1.1 200 OK"
19:29:51 INFO    stored INT-TOTALENERGIES-FR   attachment  f95479bdd9be6714.html
19:29:51 INFO    HTTP Request: GET https://www.asa.org.uk/resource/archive-bcap-code-prior-to-6apr25-dmcca.html "HTTP/1.1 200 OK"
19:29:52 INFO    stored INT-TOTALENERGIES-FR   attachment  2949fe88a76a1f05.html
19:29:52 INFO    ---------- [18/29] INT-HSBC-UK ----------
19:29:52 INFO    === INT-HSBC-UK | case pack | UK Advertising Standards Authority
19:29:53 INFO    HTTP Request: GET https://www.asa.org.uk/rulings/hsbc-uk-bank-plc-g21-1127656-hsbc-uk-bank-plc.html "HTTP/1.1 200 OK"
19:29:54 INFO    stored INT-HSBC-UK            ruling_page fccbe5fe959dc13c.html
19:29:55 INFO    HTTP Request: GET https://www.asa.org.uk/rulings/hsbc-uk-bank-plc-g21-1127656-hsbc-uk-bank-plc.html "HTTP/1.1 200 OK"
19:29:56 INFO    stored INT-HSBC-UK            attachment  fccbe5fe959dc13c.html
19:29:56 INFO    HTTP Request: GET https://www.asa.org.uk/rulings/brighton---hove-city-council-g26-1324500-brighton---hove-city-council.html "HTTP/1.1 200 OK"
19:29:57 INFO    stored INT-HSBC-UK            attachment  ca6d2791a17ded50.html
19:29:58 INFO    HTTP Request: GET https://www.asa.org.uk/codes-and-rulings/rulings.html?topic=EA565A01-F7E1-491F-915017B2E5B9267B&issue=B62E671E-81D6-42FD-8BDA1611D194B1D3%2C&media_channel=BC2C52BC-C671-4496-85087BE16E9A9473&date_period=past_year "HTTP/1.1 200 OK"
19:29:59 INFO    stored INT-HSBC-UK            attachment  a188fd39a55f8b1d.html
19:29:59 INFO    ---------- [19/29] INT-LLOYDS-UK ----------
19:29:59 INFO    === INT-LLOYDS-UK | case pack | UK Advertising Standards Authority
19:30:00 INFO    HTTP Request: GET https://www.asa.org.uk/rulings/lloyds-bank-plc-a24-1244509-lloyds-bank-plc.html "HTTP/1.1 200 OK"
19:30:01 INFO    stored INT-LLOYDS-UK          ruling_page 4e94c2e6849370b9.html
19:30:01 INFO    HTTP Request: GET https://www.asa.org.uk/rulings/lloyds-bank-plc-a24-1244509-lloyds-bank-plc.html "HTTP/1.1 200 OK"
19:30:02 INFO    stored INT-LLOYDS-UK          attachment  4e94c2e6849370b9.html
19:30:03 INFO    HTTP Request: GET https://www.asa.org.uk/rulings/lloyds-bank-plc-a25-1284566-lloyds-bank-plc.html "HTTP/1.1 200 OK"
19:30:04 INFO    stored INT-LLOYDS-UK          attachment  d0299054e9f0c398.html
19:30:05 INFO    HTTP Request: GET https://www.asa.org.uk/codes-and-rulings/rulings.html?topic=EA565A01-F7E1-491F-915017B2E5B9267B%2CEA565A01-F7E1-491F-915017B2E5B9267B&issue=B62E671E-81D6-42FD-8BDA1611D194B1D3%2C&media_channel=BC2C52BC-C671-4496-85087BE16E9A9473%2C2FED54B5-5B19-40BC-B75BD73F29665855&date_period=past_year "HTTP/1.1 200 OK"
19:30:06 INFO    stored INT-LLOYDS-UK          attachment  9e42266f3e0fd5c3.html
19:30:06 INFO    ---------- [20/29] INT-UNILEVER-UK ----------
19:30:06 INFO    === INT-UNILEVER-UK | case pack | UK Advertising Standards Authority
19:30:07 INFO    HTTP Request: GET https://www.asa.org.uk/rulings/unilever-uk-ltd-a22-1150985-unilever-uk-ltd.html "HTTP/1.1 200 OK"
19:30:08 INFO    stored INT-UNILEVER-UK        ruling_page 52f56b47b5f1a8bd.html
19:30:08 INFO    HTTP Request: GET https://www.asa.org.uk/rulings/unilever-uk-ltd-a22-1150985-unilever-uk-ltd.html "HTTP/1.1 200 OK"
19:30:09 INFO    stored INT-UNILEVER-UK        attachment  52f56b47b5f1a8bd.html
19:30:10 INFO    HTTP Request: GET https://www.asa.org.uk/rulings/unilever-uk-ltd-g23-1203966-unilever-uk-ltd.html "HTTP/1.1 200 OK"
19:30:11 INFO    stored INT-UNILEVER-UK        attachment  e30dde83f9031eca.html
19:30:11 INFO    HTTP Request: GET https://www.asa.org.uk/rulings/virgin-media-ltd-a24-1267830-virgin-media-ltd.html "HTTP/1.1 200 OK"
19:30:13 INFO    stored INT-UNILEVER-UK        attachment  770bceb5c1284c96.html
19:30:13 INFO    HTTP Request: GET https://www.asa.org.uk/codes-and-rulings/rulings.html?topic=363364CE-5904-4258-BC02129E4FA0B6E3%2CEA565A01-F7E1-491F-915017B2E5B9267B&issue=B62E671E-81D6-42FD-8BDA1611D194B1D3%2C&media_channel=A61D71F3-9E28-4797-B7F31BB702102FB3&date_period=past_year "HTTP/1.1 200 OK"
19:30:15 INFO    stored INT-UNILEVER-UK        attachment  bdec691670fe98fc.html
19:30:15 INFO    ---------- [21/29] INT-TESCO-UK ----------
19:30:15 INFO    === INT-TESCO-UK | case pack | UK Advertising Standards Authority
19:30:15 INFO    HTTP Request: GET https://www.asa.org.uk/rulings/tesco-stores-ltd-g21-1128264-tesco-stores-ltd.html "HTTP/1.1 200 OK"
19:30:16 INFO    stored INT-TESCO-UK           ruling_page d0b39a4f14cf5920.html
19:30:17 INFO    HTTP Request: GET https://www.asa.org.uk/rulings/tesco-stores-ltd-g21-1128264-tesco-stores-ltd.html "HTTP/1.1 200 OK"
19:30:18 INFO    stored INT-TESCO-UK           attachment  d0b39a4f14cf5920.html
19:30:18 INFO    HTTP Request: GET https://www.asa.org.uk/rulings/tesco-stores-ltd-a24-1260998-tesco-stores-ltd.html "HTTP/1.1 200 OK"
19:30:19 INFO    stored INT-TESCO-UK           attachment  1654776068aa9a7c.html
19:30:20 INFO    HTTP Request: GET https://www.asa.org.uk/codes-and-rulings/rulings.html?topic=7E2B6966-95A4-4509-AD744D6397CAC795%2C7E2B6966-95A4-4509-AD744D6397CAC795%2C7E2B6966-95A4-4509-AD744D6397CAC795%2C7E2B6966-95A4-4509-AD744D6397CAC795%2CEA565A01-F7E1-491F-915017B2E5B9267B%2CEA565A01-F7E1-491F-915017B2E5B9267B%2CEA565A01-F7E1-491F-915017B2E5B9267B%2CEA565A01-F7E1-491F-915017B2E5B9267B&issue=B62E671E-81D6-42FD-8BDA1611D194B1D3%2C&media_channel=BD38047C-CFAE-44D7-AE469B54E4C806DE%2C2FED54B5-5B19-40BC-B75BD73F29665855%2CA61D71F3-9E28-4797-B7F31BB702102FB3&date_period=past_year "HTTP/1.1 200 OK"
19:30:21 INFO    stored INT-TESCO-UK           attachment  7df6c06434a1a5e0.html
19:30:21 INFO    ---------- [22/29] INT-OATLY-UK ----------
19:30:21 INFO    === INT-OATLY-UK | case pack | UK Advertising Standards Authority
19:30:22 INFO    HTTP Request: GET https://www.asa.org.uk/rulings/oatly-uk-ltd-g21-1096286-oatly-uk-ltd.html "HTTP/1.1 200 OK"
19:30:23 INFO    stored INT-OATLY-UK           ruling_page 42b852ceec7abd76.html
19:30:23 INFO    HTTP Request: GET https://www.asa.org.uk/rulings/oatly-uk-ltd-g21-1096286-oatly-uk-ltd.html "HTTP/1.1 200 OK"
19:30:25 INFO    stored INT-OATLY-UK           attachment  42b852ceec7abd76.html
19:30:25 INFO    HTTP Request: GET https://www.asa.org.uk/codes-and-rulings/rulings.html?topic=7E2B6966-95A4-4509-AD744D6397CAC795%2C7E2B6966-95A4-4509-AD744D6397CAC795%2C7E2B6966-95A4-4509-AD744D6397CAC795%2CEA565A01-F7E1-491F-915017B2E5B9267B%2CEA565A01-F7E1-491F-915017B2E5B9267B%2CEA565A01-F7E1-491F-915017B2E5B9267B&issue=B62E671E-81D6-42FD-8BDA1611D194B1D3%2C&media_channel=2FED54B5-5B19-40BC-B75BD73F29665855%2CBD38047C-CFAE-44D7-AE469B54E4C806DE%2CA61D71F3-9E28-4797-B7F31BB702102FB3&date_period=past_year "HTTP/1.1 200 OK"
19:30:27 INFO    stored INT-OATLY-UK           attachment  784191276eb733a8.html
19:30:27 INFO    ---------- [23/29] INT-LUFTHANSA-DE ----------
19:30:27 INFO    === INT-LUFTHANSA-DE | case pack | UK Advertising Standards Authority
19:30:27 INFO    HTTP Request: GET https://www.asa.org.uk/rulings/deutsche-lufthansa-ag-a22-1169419-deutsche-lufthansa-ag.html "HTTP/1.1 200 OK"
19:30:28 INFO    stored INT-LUFTHANSA-DE       ruling_page 92d6adbf5673f59a.html
19:30:29 INFO    HTTP Request: GET https://www.asa.org.uk/rulings/deutsche-lufthansa-ag-a22-1169419-deutsche-lufthansa-ag.html "HTTP/1.1 200 OK"
19:30:30 INFO    stored INT-LUFTHANSA-DE       attachment  92d6adbf5673f59a.html
19:30:30 INFO    HTTP Request: GET https://www.asa.org.uk/rulings/deutsche-lufthansa-ag-a23-1206007-deutsche-lufthansa-ag.html "HTTP/1.1 200 OK"
19:30:31 INFO    stored INT-LUFTHANSA-DE       attachment  ae28ab9427ab2456.html
19:30:32 INFO    HTTP Request: GET https://www.asa.org.uk/codes-and-rulings/rulings.html?topic=41C6502F-9584-4A4C-A7D344A639A6A61A%2CEA565A01-F7E1-491F-915017B2E5B9267B&issue=B62E671E-81D6-42FD-8BDA1611D194B1D3%2C&media_channel=BC2C52BC-C671-4496-85087BE16E9A9473&date_period=past_year "HTTP/1.1 200 OK"
19:30:33 INFO    stored INT-LUFTHANSA-DE       attachment  b55f763fef84c1b7.html
19:30:33 INFO    ---------- [24/29] INT-ETIHAD-AE ----------
19:30:33 INFO    === INT-ETIHAD-AE | case pack | UK Advertising Standards Authority
19:30:34 INFO    HTTP Request: GET https://www.asa.org.uk/rulings/etihad-airways-a23-1206008-etihad-airways.html "HTTP/1.1 200 OK"
19:30:35 INFO    stored INT-ETIHAD-AE          ruling_page 35620baf09749b92.html
19:30:35 INFO    HTTP Request: GET https://www.asa.org.uk/rulings/etihad-airways-a23-1206008-etihad-airways.html "HTTP/1.1 200 OK"
19:30:37 INFO    stored INT-ETIHAD-AE          attachment  35620baf09749b92.html
19:30:37 INFO    HTTP Request: GET https://www.asa.org.uk/rulings/etihad-airways-a22-1174208-etihad-airways.html "HTTP/1.1 200 OK"
19:30:38 INFO    stored INT-ETIHAD-AE          attachment  abefeb9a743980a4.html
19:30:39 INFO    HTTP Request: GET https://www.asa.org.uk/rulings/qatar-airways-group-qcsc-a26-1326610-qatar-airways-group-qcsc.html "HTTP/1.1 200 OK"
19:30:40 INFO    stored INT-ETIHAD-AE          attachment  1395bef564a5e66f.html
19:30:41 INFO    HTTP Request: GET https://www.asa.org.uk/codes-and-rulings/rulings.html?topic=41C6502F-9584-4A4C-A7D344A639A6A61A%2CEA565A01-F7E1-491F-915017B2E5B9267B&issue=B62E671E-81D6-42FD-8BDA1611D194B1D3%2C&media_channel=2FED54B5-5B19-40BC-B75BD73F29665855&date_period=past_year "HTTP/1.1 200 OK"
19:30:42 INFO    stored INT-ETIHAD-AE          attachment  8a08b683606fa9d6.html
19:30:42 INFO    ---------- [25/29] INT-MAZDA-UK ----------
19:30:42 INFO    === INT-MAZDA-UK | case pack | UK Advertising Standards Authority
19:30:42 INFO    HTTP Request: GET https://www.asa.org.uk/rulings/mazda-motors-uk-ltd-a24-1247950-mazda-motors-uk-ltd.html "HTTP/1.1 200 OK"
19:30:44 INFO    stored INT-MAZDA-UK           ruling_page 46bfbe83b3393a10.html
19:30:44 INFO    HTTP Request: GET https://www.asa.org.uk/rulings/mazda-motors-uk-ltd-a24-1247950-mazda-motors-uk-ltd.html "HTTP/1.1 200 OK"
19:30:45 INFO    stored INT-MAZDA-UK           attachment  46bfbe83b3393a10.html
19:30:46 INFO    HTTP Request: GET https://www.asa.org.uk/rulings/wowcher-ltd-a25-1323986-wowcher-ltd.html "HTTP/1.1 200 OK"
19:30:47 INFO    stored INT-MAZDA-UK           attachment  e9ea9dcb9279339f.html
19:30:47 INFO    HTTP Request: GET https://www.asa.org.uk/codes-and-rulings/rulings.html?topic=41C6502F-9584-4A4C-A7D344A639A6A61A&issue=B62E671E-81D6-42FD-8BDA1611D194B1D3%2C&media_channel=2FED54B5-5B19-40BC-B75BD73F29665855&date_period=past_year "HTTP/1.1 200 OK"
19:30:49 INFO    stored INT-MAZDA-UK           attachment  c9d5b93a789ecb71.html
19:30:49 INFO    ---------- [26/29] INT-NIKE-UK ----------
19:30:49 INFO    === INT-NIKE-UK | case pack | UK Advertising Standards Authority
19:30:49 INFO    HTTP Request: GET https://www.asa.org.uk/rulings/nike-retail-bv-a25-1309100-nike-retail-bv.html "HTTP/1.1 200 OK"
19:30:50 INFO    stored INT-NIKE-UK            ruling_page 75642360c681c310.html
19:30:51 INFO    HTTP Request: GET https://www.asa.org.uk/rulings/nike-retail-bv-a25-1309100-nike-retail-bv.html "HTTP/1.1 200 OK"
19:30:52 INFO    stored INT-NIKE-UK            attachment  75642360c681c310.html
19:30:52 INFO    HTTP Request: GET https://www.asa.org.uk/rulings/nike-retail-bv-a24-1229829-nike-retail-bv.html "HTTP/1.1 200 OK"
19:30:53 INFO    stored INT-NIKE-UK            attachment  55aa015e2df102ef.html
19:30:53 INFO    ---------- [27/29] INT-UNIQLO-UK ----------
19:30:53 INFO    === INT-UNIQLO-UK | case pack | UK Advertising Standards Authority
19:30:54 INFO    HTTP Request: GET https://www.asa.org.uk/rulings/uniqlo--uk--ltd-a26-1327727-uniqlo--uk--ltd.html "HTTP/1.1 200 OK"
19:30:55 INFO    stored INT-UNIQLO-UK          ruling_page 205038c83eaee38f.html
19:30:55 INFO    HTTP Request: GET https://www.asa.org.uk/rulings/uniqlo--uk--ltd-a26-1327727-uniqlo--uk--ltd.html "HTTP/1.1 200 OK"
19:30:57 INFO    stored INT-UNIQLO-UK          attachment  205038c83eaee38f.html
19:30:57 INFO    HTTP Request: GET https://www.asa.org.uk/codes-and-rulings/rulings.html?topic=7E2B6966-95A4-4509-AD744D6397CAC795&issue=B62E671E-81D6-42FD-8BDA1611D194B1D3%2C&media_channel=2FED54B5-5B19-40BC-B75BD73F29665855&date_period=past_year "HTTP/1.1 200 OK"
19:30:59 INFO    stored INT-UNIQLO-UK          attachment  ee180bb2c74bd5ec.html
19:30:59 INFO    ---------- [28/29] INT-ADIDAS-UK ----------
19:30:59 INFO    === INT-ADIDAS-UK | case pack | UK Advertising Standards Authority
19:30:59 INFO    HTTP Request: GET https://www.asa.org.uk/rulings/adidas-uk-ltd-a26-1327728-adidas-uk-ltd.html "HTTP/1.1 200 OK"
19:31:00 INFO    stored INT-ADIDAS-UK          ruling_page eeadbd94141df50c.html
19:31:00 INFO    HTTP Request: GET https://www.asa.org.uk/rulings/adidas-uk-ltd-a26-1327728-adidas-uk-ltd.html "HTTP/1.1 200 OK"
19:31:02 INFO    stored INT-ADIDAS-UK          attachment  eeadbd94141df50c.html
19:31:02 INFO    HTTP Request: GET https://www.asa.org.uk/rulings/adidas-uk-ltd-g22-1145614-adidas-uk-ltd.html "HTTP/1.1 200 OK"
19:31:03 INFO    stored INT-ADIDAS-UK          attachment  8bd2629f9e3a94e9.html
19:31:04 INFO    HTTP Request: GET https://www.asa.org.uk/rulings/adidas-uk-ltd-a24-1242252-adidas-uk-ltd.html "HTTP/1.1 200 OK"
19:31:05 INFO    stored INT-ADIDAS-UK          attachment  952022c7abd15c25.html
19:31:05 INFO    ---------- [29/29] INT-CALVIN-KLEIN-UK ----------
19:31:05 INFO    === INT-CALVIN-KLEIN-UK | case pack | UK Advertising Standards Authority
19:31:05 INFO    HTTP Request: GET https://www.asa.org.uk/rulings/calvin-klein-europe-bv--a26-1327724-calvin-klein-europe-bv.html "HTTP/1.1 200 OK"
19:31:07 INFO    stored INT-CALVIN-KLEIN-UK    ruling_page 85eb7b4ff636cf88.html
19:31:07 INFO    HTTP Request: GET https://www.asa.org.uk/rulings/calvin-klein-europe-bv--a26-1327724-calvin-klein-europe-bv.html "HTTP/1.1 200 OK"
19:31:08 INFO    stored INT-CALVIN-KLEIN-UK    attachment  85eb7b4ff636cf88.html

Documents: 134 | failures: 1 | reports: D:\Sinh viên CNhan\AI quantum\docs\ai-quantum-greenwashing-agent\data\legal_cases\reports
Status: PARTIAL — see failure_queue.csv (non-zero exit per pack §10 stop conditions)
